Initialized native services in: C:\Users\tiago\.gradle\native
Initialized jansi services in: C:\Users\tiago\.gradle\native
Found daemon DaemonInfo{pid=7656, address=[5df3e5b8-9a86-47fa-8c20-aa692eb9e828 port:59705, addresses:[/127.0.0.1]], state=Idle, lastBusy=1769620437055, context=DefaultDaemonContext[uid=ff7120ec-968e-4308-a136-cefaddea5d2c,javaHome=C:\Program Files\Android\Android Studio\jbr,javaVersion=21,javaVendor=JetBrains s.r.o.,daemonRegistryDir=C:\Users\tiago\.gradle\daemon,pid=7656,idleTimeout=10800000,priority=NORMAL,applyInstrumentationAgent=true,nativeServicesMode=ENABLED,daemonOpts=-Xmx2048m,-Dfile.encoding=UTF-8,-Duser.country=PT,-Duser.language=pt,-Duser.variant]} however its context does not match the desired criteria.
JVM is incompatible.
Wanted: DaemonRequestContext{jvmCriteria=C:\Program Files\Eclipse Adoptium\jdk-21.0.5.11-hotspot (no JDK specified, using current Java home), daemonOpts=[-Xmx2048m, -Dfile.encoding=UTF-8, -Duser.country=PT, -Duser.language=pt, -Duser.variant], applyInstrumentationAgent=true, nativeServicesMode=ENABLED, priority=NORMAL}
Actual: DefaultDaemonContext[uid=ff7120ec-968e-4308-a136-cefaddea5d2c,javaHome=C:\Program Files\Android\Android Studio\jbr,javaVersion=21,javaVendor=JetBrains s.r.o.,daemonRegistryDir=C:\Users\tiago\.gradle\daemon,pid=7656,idleTimeout=10800000,priority=NORMAL,applyInstrumentationAgent=true,nativeServicesMode=ENABLED,daemonOpts=-Xmx2048m,-Dfile.encoding=UTF-8,-Duser.country=PT,-Duser.language=pt,-Duser.variant]

  Looking for a different daemon...
Found daemon DaemonInfo{pid=25396, address=[d058390c-dae6-4dc7-ae0b-e65b94b1fff4 port:59973, addresses:[/127.0.0.1]], state=Idle, lastBusy=1769621092136, context=DefaultDaemonContext[uid=a4f6c957-bf6b-463c-950d-e3bfa8530280,javaHome=C:\Users\tiago\.antigravity\extensions\redhat.java-1.51.0-win32-x64\jre\21.0.9-win32-x86_64,javaVersion=21,javaVendor=Eclipse Adoptium,daemonRegistryDir=C:\Users\tiago\.gradle\daemon,pid=25396,idleTimeout=10800000,priority=NORMAL,applyInstrumentationAgent=true,nativeServicesMode=ENABLED,daemonOpts=-Xmx2048m,-Dfile.encoding=UTF-8,-Duser.country=PT,-Duser.language=pt,-Duser.variant]} however its context does not match the desired criteria.
JVM is incompatible.
Wanted: DaemonRequestContext{jvmCriteria=C:\Program Files\Eclipse Adoptium\jdk-21.0.5.11-hotspot (no JDK specified, using current Java home), daemonOpts=[-Xmx2048m, -Dfile.encoding=UTF-8, -Duser.country=PT, -Duser.language=pt, -Duser.variant], applyInstrumentationAgent=true, nativeServicesMode=ENABLED, priority=NORMAL}
Actual: DefaultDaemonContext[uid=a4f6c957-bf6b-463c-950d-e3bfa8530280,javaHome=C:\Users\tiago\.antigravity\extensions\redhat.java-1.51.0-win32-x64\jre\21.0.9-win32-x86_64,javaVersion=21,javaVendor=Eclipse Adoptium,daemonRegistryDir=C:\Users\tiago\.gradle\daemon,pid=25396,idleTimeout=10800000,priority=NORMAL,applyInstrumentationAgent=true,nativeServicesMode=ENABLED,daemonOpts=-Xmx2048m,-Dfile.encoding=UTF-8,-Duser.country=PT,-Duser.language=pt,-Duser.variant]

  Looking for a different daemon...
The client will now receive all logging from the daemon (pid: 3076). The daemon log file: C:\Users\tiago\.gradle\daemon\8.11.1\daemon-3076.out.log
Starting 10th build in daemon [uptime: 18 mins 36.267 secs, performance: 99%, GC rate: 0.00/s, heap usage: 0% of 2 GiB]
Using 16 worker leases.
Now considering [C:\Users\tiago\AndroidStudioProjects\pas] as hierarchies to watch
Watching the file system is configured to be enabled if available
File system watching is active
Starting Build
Settings evaluated using settings file 'C:\Users\tiago\AndroidStudioProjects\pas\settings.gradle.kts'.
Projects loaded. Root project using build file 'C:\Users\tiago\AndroidStudioProjects\pas\build.gradle.kts'.
Included projects: [root project 'pas', project ':app']

> Configure project :
Evaluating root project 'pas' using build file 'C:\Users\tiago\AndroidStudioProjects\pas\build.gradle.kts'.
Transforming gradle-8.9.0.jar (com.android.tools.build:gradle:8.9.0) with InstrumentationAnalysisTransform
Transforming gradle-settings-api-8.9.0.jar (com.android.tools.build:gradle-settings-api:8.9.0) with InstrumentationAnalysisTransform
Transforming lint-model-31.9.0.jar (com.android.tools.lint:lint-model:31.9.0) with InstrumentationAnalysisTransform
Transforming builder-8.9.0.jar (com.android.tools.build:builder:8.9.0) with InstrumentationAnalysisTransform
Transforming manifest-merger-31.9.0.jar (com.android.tools.build:manifest-merger:31.9.0) with InstrumentationAnalysisTransform
Transforming sdk-common-31.9.0.jar (com.android.tools:sdk-common:31.9.0) with InstrumentationAnalysisTransform
Transforming sdklib-31.9.0.jar (com.android.tools:sdklib:31.9.0) with InstrumentationAnalysisTransform
Transforming repository-31.9.0.jar (com.android.tools:repository:31.9.0) with InstrumentationAnalysisTransform
Transforming aaptcompiler-8.9.0.jar (com.android.tools.build:aaptcompiler:8.9.0) with InstrumentationAnalysisTransform
Transforming tracker-31.9.0.jar (com.android.tools.analytics-library:tracker:31.9.0) with InstrumentationAnalysisTransform
Transforming shared-31.9.0.jar (com.android.tools.analytics-library:shared:31.9.0) with InstrumentationAnalysisTransform
Transforming databinding-compiler-common-8.9.0.jar (androidx.databinding:databinding-compiler-common:8.9.0) with InstrumentationAnalysisTransform
Transforming android-test-plugin-host-emulator-control-proto-31.9.0.jar (com.android.tools.utp:android-test-plugin-host-emulator-control-proto:31.9.0) with InstrumentationAnalysisTransform
Transforming android-test-plugin-host-retention-proto-31.9.0.jar (com.android.tools.utp:android-test-plugin-host-retention-proto:31.9.0) with InstrumentationAnalysisTransform
Transforming builder-model-8.9.0.jar (com.android.tools.build:builder-model:8.9.0) with InstrumentationAnalysisTransform
Transforming gradle-api-8.9.0.jar (com.android.tools.build:gradle-api:8.9.0) with InstrumentationAnalysisTransform
Transforming builder-test-api-8.9.0.jar (com.android.tools.build:builder-test-api:8.9.0) with InstrumentationAnalysisTransform
Transforming ddmlib-31.9.0.jar (com.android.tools.ddms:ddmlib:31.9.0) with InstrumentationAnalysisTransform
Transforming layoutlib-api-31.9.0.jar (com.android.tools.layoutlib:layoutlib-api:31.9.0) with InstrumentationAnalysisTransform
Transforming dvlib-31.9.0.jar (com.android.tools:dvlib:31.9.0) with InstrumentationAnalysisTransform
Transforming common-31.9.0.jar (com.android.tools:common:31.9.0) with InstrumentationAnalysisTransform
Transforming kotlin-stdlib-jdk8-2.1.0.jar (org.jetbrains.kotlin:kotlin-stdlib-jdk8:2.1.0) with InstrumentationAnalysisTransform
Transforming jetifier-processor-1.0.0-beta10.jar (com.android.tools.build.jetifier:jetifier-processor:1.0.0-beta10) with InstrumentationAnalysisTransform
Transforming jetifier-core-1.0.0-beta10.jar (com.android.tools.build.jetifier:jetifier-core:1.0.0-beta10) with InstrumentationAnalysisTransform
Transforming kotlin-reflect-2.0.20.jar (org.jetbrains.kotlin:kotlin-reflect:2.0.20) with InstrumentationAnalysisTransform
Transforming kotlin-stdlib-jdk7-2.1.0.jar (org.jetbrains.kotlin:kotlin-stdlib-jdk7:2.1.0) with InstrumentationAnalysisTransform
Transforming kotlin-stdlib-2.0.20.jar (org.jetbrains.kotlin:kotlin-stdlib:2.0.20) with InstrumentationAnalysisTransform
Transforming annotations-13.0.jar (org.jetbrains:annotations:13.0) with InstrumentationAnalysisTransform
Transforming bundletool-1.17.2.jar (com.android.tools.build:bundletool:1.17.2) with InstrumentationAnalysisTransform
Transforming aapt2-proto-8.9.0-12782657.jar (com.android.tools.build:aapt2-proto:8.9.0-12782657) with InstrumentationAnalysisTransform
Transforming crash-31.9.0.jar (com.android.tools.analytics-library:crash:31.9.0) with InstrumentationAnalysisTransform
Transforming lint-typedef-remover-31.9.0.jar (com.android.tools.lint:lint-typedef-remover:31.9.0) with InstrumentationAnalysisTransform
Transforming databinding-common-8.9.0.jar (androidx.databinding:databinding-common:8.9.0) with InstrumentationAnalysisTransform
Transforming baseLibrary-8.9.0.jar (com.android.databinding:baseLibrary:8.9.0) with InstrumentationAnalysisTransform
Transforming android-device-provider-ddmlib-proto-31.9.0.jar (com.android.tools.utp:android-device-provider-ddmlib-proto:31.9.0) with InstrumentationAnalysisTransform
Transforming android-device-provider-gradle-proto-31.9.0.jar (com.android.tools.utp:android-device-provider-gradle-proto:31.9.0) with InstrumentationAnalysisTransform
Transforming android-device-provider-profile-proto-31.9.0.jar (com.android.tools.utp:android-device-provider-profile-proto:31.9.0) with InstrumentationAnalysisTransform
Transforming android-test-plugin-host-additional-test-output-proto-31.9.0.jar (com.android.tools.utp:android-test-plugin-host-additional-test-output-proto:31.9.0) with InstrumentationAnalysisTransform
Transforming android-test-plugin-host-coverage-proto-31.9.0.jar (com.android.tools.utp:android-test-plugin-host-coverage-proto:31.9.0) with InstrumentationAnalysisTransform
Transforming android-test-plugin-host-logcat-proto-31.9.0.jar (com.android.tools.utp:android-test-plugin-host-logcat-proto:31.9.0) with InstrumentationAnalysisTransform
Transforming android-test-plugin-host-apk-installer-proto-31.9.0.jar (com.android.tools.utp:android-test-plugin-host-apk-installer-proto:31.9.0) with InstrumentationAnalysisTransform
Transforming android-test-plugin-result-listener-gradle-proto-31.9.0.jar (com.android.tools.utp:android-test-plugin-result-listener-gradle-proto:31.9.0) with InstrumentationAnalysisTransform
Transforming transform-api-2.0.0-deprecated-use-gradle-api.jar (com.android.tools.build:transform-api:2.0.0-deprecated-use-gradle-api) with InstrumentationAnalysisTransform
Transforming httpmime-4.5.6.jar (org.apache.httpcomponents:httpmime:4.5.6) with InstrumentationAnalysisTransform
Transforming commons-io-2.16.1.jar (commons-io:commons-io:2.16.1) with InstrumentationAnalysisTransform
Transforming asm-commons-9.7.jar (org.ow2.asm:asm-commons:9.7) with InstrumentationAnalysisTransform
Transforming asm-util-9.7.jar (org.ow2.asm:asm-util:9.7) with InstrumentationAnalysisTransform
Transforming asm-analysis-9.7.jar (org.ow2.asm:asm-analysis:9.7) with InstrumentationAnalysisTransform
Transforming asm-tree-9.7.jar (org.ow2.asm:asm-tree:9.7) with InstrumentationAnalysisTransform
Transforming asm-9.7.jar (org.ow2.asm:asm:9.7) with InstrumentationAnalysisTransform
Transforming apkzlib-8.9.0.jar (com.android.tools.build:apkzlib:8.9.0) with InstrumentationAnalysisTransform
Transforming bcpkix-jdk18on-1.79.jar (org.bouncycastle:bcpkix-jdk18on:1.79) with InstrumentationAnalysisTransform
Transforming jaxb-runtime-2.3.2.jar (org.glassfish.jaxb:jaxb-runtime:2.3.2) with InstrumentationAnalysisTransform
Transforming jopt-simple-4.9.jar (net.sf.jopt-simple:jopt-simple:4.9) with InstrumentationAnalysisTransform
Transforming javapoet-1.10.0.jar (com.squareup:javapoet:1.10.0) with InstrumentationAnalysisTransform
Transforming protobuf-java-util-3.22.3.jar (com.google.protobuf:protobuf-java-util:3.22.3) with InstrumentationAnalysisTransform
Transforming tink-1.7.0.jar (com.google.crypto.tink:tink:1.7.0) with InstrumentationAnalysisTransform
Transforming core-proto-0.0.9-alpha03.jar (com.google.testing.platform:core-proto:0.0.9-alpha03) with InstrumentationAnalysisTransform
Transforming protos-31.9.0.jar (com.android.tools.analytics-library:protos:31.9.0) with InstrumentationAnalysisTransform
Transforming grpc-protobuf-1.57.2.jar (io.grpc:grpc-protobuf:1.57.2) with InstrumentationAnalysisTransform
Transforming proto-google-common-protos-2.17.0.jar (com.google.api.grpc:proto-google-common-protos:2.17.0) with InstrumentationAnalysisTransform
Transforming protobuf-java-3.24.4.jar (com.google.protobuf:protobuf-java:3.24.4) with InstrumentationAnalysisTransform
Transforming grpc-netty-1.57.2.jar (io.grpc:grpc-netty:1.57.2) with InstrumentationAnalysisTransform
Transforming grpc-core-1.57.2.jar (io.grpc:grpc-core:1.57.2) with InstrumentationAnalysisTransform
Transforming gson-2.10.1.jar (com.google.code.gson:gson:2.10.1) with InstrumentationAnalysisTransform
Transforming grpc-stub-1.57.2.jar (io.grpc:grpc-stub:1.57.2) with InstrumentationAnalysisTransform
Transforming tensorflow-lite-metadata-0.2.0.jar (org.tensorflow:tensorflow-lite-metadata:0.2.0) with InstrumentationAnalysisTransform
Transforming flatbuffers-java-1.12.0.jar (com.google.flatbuffers:flatbuffers-java:1.12.0) with InstrumentationAnalysisTransform
Transforming jimfs-1.1.jar (com.google.jimfs:jimfs:1.1) with InstrumentationAnalysisTransform
Transforming grpc-context-1.57.2.jar (io.grpc:grpc-context:1.57.2) with InstrumentationAnalysisTransform
Transforming grpc-protobuf-lite-1.57.2.jar (io.grpc:grpc-protobuf-lite:1.57.2) with InstrumentationAnalysisTransform
Transforming grpc-api-1.57.2.jar (io.grpc:grpc-api:1.57.2) with InstrumentationAnalysisTransform
Transforming guava-32.0.1-jre.jar (com.google.guava:guava:32.0.1-jre) with InstrumentationAnalysisTransform
Transforming dagger-2.28.3.jar (com.google.dagger:dagger:2.28.3) with InstrumentationAnalysisTransform
Transforming javax.inject-1.jar (javax.inject:javax.inject:1) with InstrumentationAnalysisTransform
Transforming kxml2-2.3.0.jar (net.sf.kxml:kxml2:2.3.0) with InstrumentationAnalysisTransform
Transforming bcutil-jdk18on-1.79.jar (org.bouncycastle:bcutil-jdk18on:1.79) with InstrumentationAnalysisTransform
Transforming bcprov-jdk18on-1.79.jar (org.bouncycastle:bcprov-jdk18on:1.79) with InstrumentationAnalysisTransform
Transforming commons-compress-1.21.jar (org.apache.commons:commons-compress:1.21) with InstrumentationAnalysisTransform
Transforming httpclient-4.5.14.jar (org.apache.httpcomponents:httpclient:4.5.14) with InstrumentationAnalysisTransform
Transforming httpcore-4.4.16.jar (org.apache.httpcomponents:httpcore:4.4.16) with InstrumentationAnalysisTransform
Transforming javax.activation-1.2.0.jar (com.sun.activation:javax.activation:1.2.0) with InstrumentationAnalysisTransform
Transforming signflinger-8.9.0.jar (com.android:signflinger:8.9.0) with InstrumentationAnalysisTransform
Transforming zipflinger-8.9.0.jar (com.android:zipflinger:8.9.0) with InstrumentationAnalysisTransform
Transforming annotations-31.9.0.jar (com.android.tools:annotations:31.9.0) with InstrumentationAnalysisTransform
Transforming jna-platform-5.6.0.jar (net.java.dev.jna:jna-platform:5.6.0) with InstrumentationAnalysisTransform
Transforming juniversalchardet-1.0.3.jar (com.googlecode.juniversalchardet:juniversalchardet:1.0.3) with InstrumentationAnalysisTransform
Transforming javax.annotation-api-1.3.2.jar (javax.annotation:javax.annotation-api:1.3.2) with InstrumentationAnalysisTransform
Transforming stax-ex-1.8.1.jar (org.jvnet.staxex:stax-ex:1.8.1) with InstrumentationAnalysisTransform
Transforming jakarta.xml.bind-api-2.3.2.jar (jakarta.xml.bind:jakarta.xml.bind-api:2.3.2) with InstrumentationAnalysisTransform
Transforming txw2-2.3.2.jar (org.glassfish.jaxb:txw2:2.3.2) with InstrumentationAnalysisTransform
Transforming istack-commons-runtime-3.0.8.jar (com.sun.istack:istack-commons-runtime:3.0.8) with InstrumentationAnalysisTransform
Transforming FastInfoset-1.2.16.jar (com.sun.xml.fastinfoset:FastInfoset:1.2.16) with InstrumentationAnalysisTransform
Transforming jakarta.activation-api-1.2.1.jar (jakarta.activation:jakarta.activation-api:1.2.1) with InstrumentationAnalysisTransform
Transforming auto-value-annotations-1.6.2.jar (com.google.auto.value:auto-value-annotations:1.6.2) with InstrumentationAnalysisTransform
Transforming error_prone_annotations-2.18.0.jar (com.google.errorprone:error_prone_annotations:2.18.0) with InstrumentationAnalysisTransform
Transforming jose4j-0.9.5.jar (org.bitbucket.b_c:jose4j:0.9.5) with InstrumentationAnalysisTransform
Transforming slf4j-api-1.7.30.jar (org.slf4j:slf4j-api:1.7.30) with InstrumentationAnalysisTransform
Transforming jdom2-2.0.6.jar (org.jdom:jdom2:2.0.6) with InstrumentationAnalysisTransform
Transforming jsr305-3.0.2.jar (com.google.code.findbugs:jsr305:3.0.2) with InstrumentationAnalysisTransform
Transforming j2objc-annotations-2.8.jar (com.google.j2objc:j2objc-annotations:2.8) with InstrumentationAnalysisTransform
Transforming checker-qual-3.33.0.jar (org.checkerframework:checker-qual:3.33.0) with InstrumentationAnalysisTransform
Transforming apksig-8.9.0.jar (com.android.tools.build:apksig:8.9.0) with InstrumentationAnalysisTransform
Transforming javawriter-2.5.0.jar (com.squareup:javawriter:2.5.0) with InstrumentationAnalysisTransform
Transforming failureaccess-1.0.1.jar (com.google.guava:failureaccess:1.0.1) with InstrumentationAnalysisTransform
Transforming listenablefuture-9999.0-empty-to-avoid-conflict-with-guava.jar (com.google.guava:listenablefuture:9999.0-empty-to-avoid-conflict-with-guava) with InstrumentationAnalysisTransform
Transforming commons-logging-1.2.jar (commons-logging:commons-logging:1.2) with InstrumentationAnalysisTransform
Transforming commons-codec-1.11.jar (commons-codec:commons-codec:1.11) with InstrumentationAnalysisTransform
Transforming jna-5.6.0.jar (net.java.dev.jna:jna:5.6.0) with InstrumentationAnalysisTransform
Transforming annotations-4.1.1.4.jar (com.google.android:annotations:4.1.1.4) with InstrumentationAnalysisTransform
Transforming animal-sniffer-annotations-1.23.jar (org.codehaus.mojo:animal-sniffer-annotations:1.23) with InstrumentationAnalysisTransform
Transforming perfmark-api-0.26.0.jar (io.perfmark:perfmark-api:0.26.0) with InstrumentationAnalysisTransform
Transforming netty-codec-http2-4.1.93.Final.jar (io.netty:netty-codec-http2:4.1.93.Final) with InstrumentationAnalysisTransform
Transforming netty-handler-proxy-4.1.93.Final.jar (io.netty:netty-handler-proxy:4.1.93.Final) with InstrumentationAnalysisTransform
Transforming netty-codec-http-4.1.93.Final.jar (io.netty:netty-codec-http:4.1.93.Final) with InstrumentationAnalysisTransform
Transforming netty-handler-4.1.93.Final.jar (io.netty:netty-handler:4.1.93.Final) with InstrumentationAnalysisTransform
Transforming netty-transport-native-unix-common-4.1.93.Final.jar (io.netty:netty-transport-native-unix-common:4.1.93.Final) with InstrumentationAnalysisTransform
Transforming netty-codec-socks-4.1.93.Final.jar (io.netty:netty-codec-socks:4.1.93.Final) with InstrumentationAnalysisTransform
Transforming netty-codec-4.1.93.Final.jar (io.netty:netty-codec:4.1.93.Final) with InstrumentationAnalysisTransform
Transforming netty-transport-4.1.93.Final.jar (io.netty:netty-transport:4.1.93.Final) with InstrumentationAnalysisTransform
Transforming netty-buffer-4.1.93.Final.jar (io.netty:netty-buffer:4.1.93.Final) with InstrumentationAnalysisTransform
Transforming netty-resolver-4.1.93.Final.jar (io.netty:netty-resolver:4.1.93.Final) with InstrumentationAnalysisTransform
Transforming netty-common-4.1.93.Final.jar (io.netty:netty-common:4.1.93.Final) with InstrumentationAnalysisTransform
Transforming gradle-8.9.0.jar (com.android.tools.build:gradle:8.9.0) with InstrumentationAnalysisTransform
Transforming gradle-8.9.0.jar (com.android.tools.build:gradle:8.9.0) with MergeInstrumentationAnalysisTransform
Transforming gradle-settings-api-8.9.0.jar (com.android.tools.build:gradle-settings-api:8.9.0) with InstrumentationAnalysisTransform
Transforming gradle-settings-api-8.9.0.jar (com.android.tools.build:gradle-settings-api:8.9.0) with MergeInstrumentationAnalysisTransform
Transforming lint-model-31.9.0.jar (com.android.tools.lint:lint-model:31.9.0) with InstrumentationAnalysisTransform
Transforming lint-model-31.9.0.jar (com.android.tools.lint:lint-model:31.9.0) with MergeInstrumentationAnalysisTransform
Transforming gradle-8.9.0.jar (com.android.tools.build:gradle:8.9.0) with ExternalDependencyInstrumentingArtifactTransform
Transforming builder-8.9.0.jar (com.android.tools.build:builder:8.9.0) with InstrumentationAnalysisTransform
Transforming builder-8.9.0.jar (com.android.tools.build:builder:8.9.0) with MergeInstrumentationAnalysisTransform
Transforming lint-model-31.9.0.jar (com.android.tools.lint:lint-model:31.9.0) with ExternalDependencyInstrumentingArtifactTransform
Transforming gradle-settings-api-8.9.0.jar (com.android.tools.build:gradle-settings-api:8.9.0) with ExternalDependencyInstrumentingArtifactTransform
Transforming manifest-merger-31.9.0.jar (com.android.tools.build:manifest-merger:31.9.0) with InstrumentationAnalysisTransform
Transforming builder-8.9.0.jar (com.android.tools.build:builder:8.9.0) with ExternalDependencyInstrumentingArtifactTransform
Transforming manifest-merger-31.9.0.jar (com.android.tools.build:manifest-merger:31.9.0) with MergeInstrumentationAnalysisTransform
Transforming sdk-common-31.9.0.jar (com.android.tools:sdk-common:31.9.0) with InstrumentationAnalysisTransform
Transforming manifest-merger-31.9.0.jar (com.android.tools.build:manifest-merger:31.9.0) with ExternalDependencyInstrumentingArtifactTransform
Transforming sdk-common-31.9.0.jar (com.android.tools:sdk-common:31.9.0) with MergeInstrumentationAnalysisTransform
Transforming sdklib-31.9.0.jar (com.android.tools:sdklib:31.9.0) with InstrumentationAnalysisTransform
Transforming sdk-common-31.9.0.jar (com.android.tools:sdk-common:31.9.0) with ExternalDependencyInstrumentingArtifactTransform
Transforming sdklib-31.9.0.jar (com.android.tools:sdklib:31.9.0) with MergeInstrumentationAnalysisTransform
Transforming repository-31.9.0.jar (com.android.tools:repository:31.9.0) with InstrumentationAnalysisTransform
Transforming repository-31.9.0.jar (com.android.tools:repository:31.9.0) with MergeInstrumentationAnalysisTransform
Transforming sdklib-31.9.0.jar (com.android.tools:sdklib:31.9.0) with ExternalDependencyInstrumentingArtifactTransform
Transforming aaptcompiler-8.9.0.jar (com.android.tools.build:aaptcompiler:8.9.0) with InstrumentationAnalysisTransform
Transforming aaptcompiler-8.9.0.jar (com.android.tools.build:aaptcompiler:8.9.0) with MergeInstrumentationAnalysisTransform
Transforming repository-31.9.0.jar (com.android.tools:repository:31.9.0) with ExternalDependencyInstrumentingArtifactTransform
Transforming tracker-31.9.0.jar (com.android.tools.analytics-library:tracker:31.9.0) with InstrumentationAnalysisTransform
Transforming tracker-31.9.0.jar (com.android.tools.analytics-library:tracker:31.9.0) with MergeInstrumentationAnalysisTransform
Transforming aaptcompiler-8.9.0.jar (com.android.tools.build:aaptcompiler:8.9.0) with ExternalDependencyInstrumentingArtifactTransform
Transforming shared-31.9.0.jar (com.android.tools.analytics-library:shared:31.9.0) with InstrumentationAnalysisTransform
Transforming shared-31.9.0.jar (com.android.tools.analytics-library:shared:31.9.0) with MergeInstrumentationAnalysisTransform
Transforming tracker-31.9.0.jar (com.android.tools.analytics-library:tracker:31.9.0) with ExternalDependencyInstrumentingArtifactTransform
Transforming databinding-compiler-common-8.9.0.jar (androidx.databinding:databinding-compiler-common:8.9.0) with InstrumentationAnalysisTransform
Transforming shared-31.9.0.jar (com.android.tools.analytics-library:shared:31.9.0) with ExternalDependencyInstrumentingArtifactTransform
Transforming databinding-compiler-common-8.9.0.jar (androidx.databinding:databinding-compiler-common:8.9.0) with MergeInstrumentationAnalysisTransform
Transforming android-test-plugin-host-emulator-control-proto-31.9.0.jar (com.android.tools.utp:android-test-plugin-host-emulator-control-proto:31.9.0) with InstrumentationAnalysisTransform
Transforming databinding-compiler-common-8.9.0.jar (androidx.databinding:databinding-compiler-common:8.9.0) with ExternalDependencyInstrumentingArtifactTransform
Transforming android-test-plugin-host-emulator-control-proto-31.9.0.jar (com.android.tools.utp:android-test-plugin-host-emulator-control-proto:31.9.0) with MergeInstrumentationAnalysisTransform
Transforming android-test-plugin-host-retention-proto-31.9.0.jar (com.android.tools.utp:android-test-plugin-host-retention-proto:31.9.0) with InstrumentationAnalysisTransform
Transforming android-test-plugin-host-retention-proto-31.9.0.jar (com.android.tools.utp:android-test-plugin-host-retention-proto:31.9.0) with MergeInstrumentationAnalysisTransform
Transforming android-test-plugin-host-emulator-control-proto-31.9.0.jar (com.android.tools.utp:android-test-plugin-host-emulator-control-proto:31.9.0) with ExternalDependencyInstrumentingArtifactTransform
Transforming builder-model-8.9.0.jar (com.android.tools.build:builder-model:8.9.0) with InstrumentationAnalysisTransform
Transforming android-test-plugin-host-retention-proto-31.9.0.jar (com.android.tools.utp:android-test-plugin-host-retention-proto:31.9.0) with ExternalDependencyInstrumentingArtifactTransform
Transforming builder-model-8.9.0.jar (com.android.tools.build:builder-model:8.9.0) with MergeInstrumentationAnalysisTransform
Transforming gradle-api-8.9.0.jar (com.android.tools.build:gradle-api:8.9.0) with InstrumentationAnalysisTransform
Transforming gradle-api-8.9.0.jar (com.android.tools.build:gradle-api:8.9.0) with MergeInstrumentationAnalysisTransform
Transforming builder-test-api-8.9.0.jar (com.android.tools.build:builder-test-api:8.9.0) with InstrumentationAnalysisTransform
Transforming builder-test-api-8.9.0.jar (com.android.tools.build:builder-test-api:8.9.0) with MergeInstrumentationAnalysisTransform
Transforming builder-model-8.9.0.jar (com.android.tools.build:builder-model:8.9.0) with ExternalDependencyInstrumentingArtifactTransform
Transforming gradle-api-8.9.0.jar (com.android.tools.build:gradle-api:8.9.0) with ExternalDependencyInstrumentingArtifactTransform
Transforming ddmlib-31.9.0.jar (com.android.tools.ddms:ddmlib:31.9.0) with InstrumentationAnalysisTransform
Transforming builder-test-api-8.9.0.jar (com.android.tools.build:builder-test-api:8.9.0) with ExternalDependencyInstrumentingArtifactTransform
Transforming ddmlib-31.9.0.jar (com.android.tools.ddms:ddmlib:31.9.0) with MergeInstrumentationAnalysisTransform
Transforming layoutlib-api-31.9.0.jar (com.android.tools.layoutlib:layoutlib-api:31.9.0) with InstrumentationAnalysisTransform
Transforming layoutlib-api-31.9.0.jar (com.android.tools.layoutlib:layoutlib-api:31.9.0) with MergeInstrumentationAnalysisTransform
Transforming dvlib-31.9.0.jar (com.android.tools:dvlib:31.9.0) with InstrumentationAnalysisTransform
Transforming dvlib-31.9.0.jar (com.android.tools:dvlib:31.9.0) with MergeInstrumentationAnalysisTransform
Transforming common-31.9.0.jar (com.android.tools:common:31.9.0) with InstrumentationAnalysisTransform
Transforming common-31.9.0.jar (com.android.tools:common:31.9.0) with MergeInstrumentationAnalysisTransform
Transforming kotlin-stdlib-jdk8-2.1.0.jar (org.jetbrains.kotlin:kotlin-stdlib-jdk8:2.1.0) with InstrumentationAnalysisTransform
Transforming ddmlib-31.9.0.jar (com.android.tools.ddms:ddmlib:31.9.0) with ExternalDependencyInstrumentingArtifactTransform
Transforming layoutlib-api-31.9.0.jar (com.android.tools.layoutlib:layoutlib-api:31.9.0) with ExternalDependencyInstrumentingArtifactTransform
Transforming common-31.9.0.jar (com.android.tools:common:31.9.0) with ExternalDependencyInstrumentingArtifactTransform
Transforming kotlin-stdlib-jdk8-2.1.0.jar (org.jetbrains.kotlin:kotlin-stdlib-jdk8:2.1.0) with MergeInstrumentationAnalysisTransform
Transforming dvlib-31.9.0.jar (com.android.tools:dvlib:31.9.0) with ExternalDependencyInstrumentingArtifactTransform
Transforming jetifier-processor-1.0.0-beta10.jar (com.android.tools.build.jetifier:jetifier-processor:1.0.0-beta10) with InstrumentationAnalysisTransform
Transforming jetifier-processor-1.0.0-beta10.jar (com.android.tools.build.jetifier:jetifier-processor:1.0.0-beta10) with MergeInstrumentationAnalysisTransform
Transforming jetifier-core-1.0.0-beta10.jar (com.android.tools.build.jetifier:jetifier-core:1.0.0-beta10) with InstrumentationAnalysisTransform
Transforming kotlin-stdlib-jdk8-2.1.0.jar (org.jetbrains.kotlin:kotlin-stdlib-jdk8:2.1.0) with ExternalDependencyInstrumentingArtifactTransform
Transforming jetifier-processor-1.0.0-beta10.jar (com.android.tools.build.jetifier:jetifier-processor:1.0.0-beta10) with ExternalDependencyInstrumentingArtifactTransform
Transforming jetifier-core-1.0.0-beta10.jar (com.android.tools.build.jetifier:jetifier-core:1.0.0-beta10) with MergeInstrumentationAnalysisTransform
Transforming kotlin-reflect-2.0.20.jar (org.jetbrains.kotlin:kotlin-reflect:2.0.20) with InstrumentationAnalysisTransform
Transforming kotlin-reflect-2.0.20.jar (org.jetbrains.kotlin:kotlin-reflect:2.0.20) with MergeInstrumentationAnalysisTransform
Transforming kotlin-stdlib-jdk7-2.1.0.jar (org.jetbrains.kotlin:kotlin-stdlib-jdk7:2.1.0) with InstrumentationAnalysisTransform
Transforming jetifier-core-1.0.0-beta10.jar (com.android.tools.build.jetifier:jetifier-core:1.0.0-beta10) with ExternalDependencyInstrumentingArtifactTransform
Transforming kotlin-reflect-2.0.20.jar (org.jetbrains.kotlin:kotlin-reflect:2.0.20) with ExternalDependencyInstrumentingArtifactTransform
Transforming kotlin-stdlib-jdk7-2.1.0.jar (org.jetbrains.kotlin:kotlin-stdlib-jdk7:2.1.0) with MergeInstrumentationAnalysisTransform
Transforming kotlin-stdlib-2.0.20.jar (org.jetbrains.kotlin:kotlin-stdlib:2.0.20) with InstrumentationAnalysisTransform
Transforming kotlin-stdlib-2.0.20.jar (org.jetbrains.kotlin:kotlin-stdlib:2.0.20) with MergeInstrumentationAnalysisTransform
Transforming kotlin-stdlib-jdk7-2.1.0.jar (org.jetbrains.kotlin:kotlin-stdlib-jdk7:2.1.0) with ExternalDependencyInstrumentingArtifactTransform
Transforming annotations-13.0.jar (org.jetbrains:annotations:13.0) with InstrumentationAnalysisTransform
Transforming kotlin-stdlib-2.0.20.jar (org.jetbrains.kotlin:kotlin-stdlib:2.0.20) with ExternalDependencyInstrumentingArtifactTransform
Transforming annotations-13.0.jar (org.jetbrains:annotations:13.0) with MergeInstrumentationAnalysisTransform
Transforming bundletool-1.17.2.jar (com.android.tools.build:bundletool:1.17.2) with InstrumentationAnalysisTransform
Transforming bundletool-1.17.2.jar (com.android.tools.build:bundletool:1.17.2) with MergeInstrumentationAnalysisTransform
Transforming annotations-13.0.jar (org.jetbrains:annotations:13.0) with ExternalDependencyInstrumentingArtifactTransform
Transforming aapt2-proto-8.9.0-12782657.jar (com.android.tools.build:aapt2-proto:8.9.0-12782657) with InstrumentationAnalysisTransform
Transforming bundletool-1.17.2.jar (com.android.tools.build:bundletool:1.17.2) with ExternalDependencyInstrumentingArtifactTransform
Transforming aapt2-proto-8.9.0-12782657.jar (com.android.tools.build:aapt2-proto:8.9.0-12782657) with MergeInstrumentationAnalysisTransform
Transforming crash-31.9.0.jar (com.android.tools.analytics-library:crash:31.9.0) with InstrumentationAnalysisTransform
Transforming aapt2-proto-8.9.0-12782657.jar (com.android.tools.build:aapt2-proto:8.9.0-12782657) with ExternalDependencyInstrumentingArtifactTransform
Transforming crash-31.9.0.jar (com.android.tools.analytics-library:crash:31.9.0) with MergeInstrumentationAnalysisTransform
Transforming lint-typedef-remover-31.9.0.jar (com.android.tools.lint:lint-typedef-remover:31.9.0) with InstrumentationAnalysisTransform
Transforming lint-typedef-remover-31.9.0.jar (com.android.tools.lint:lint-typedef-remover:31.9.0) with MergeInstrumentationAnalysisTransform
Transforming databinding-common-8.9.0.jar (androidx.databinding:databinding-common:8.9.0) with InstrumentationAnalysisTransform
Transforming crash-31.9.0.jar (com.android.tools.analytics-library:crash:31.9.0) with ExternalDependencyInstrumentingArtifactTransform
Transforming lint-typedef-remover-31.9.0.jar (com.android.tools.lint:lint-typedef-remover:31.9.0) with ExternalDependencyInstrumentingArtifactTransform
Transforming databinding-common-8.9.0.jar (androidx.databinding:databinding-common:8.9.0) with MergeInstrumentationAnalysisTransform
Transforming baseLibrary-8.9.0.jar (com.android.databinding:baseLibrary:8.9.0) with InstrumentationAnalysisTransform
Transforming baseLibrary-8.9.0.jar (com.android.databinding:baseLibrary:8.9.0) with MergeInstrumentationAnalysisTransform
Transforming android-device-provider-ddmlib-proto-31.9.0.jar (com.android.tools.utp:android-device-provider-ddmlib-proto:31.9.0) with InstrumentationAnalysisTransform
Transforming android-device-provider-ddmlib-proto-31.9.0.jar (com.android.tools.utp:android-device-provider-ddmlib-proto:31.9.0) with MergeInstrumentationAnalysisTransform
Transforming android-device-provider-gradle-proto-31.9.0.jar (com.android.tools.utp:android-device-provider-gradle-proto:31.9.0) with InstrumentationAnalysisTransform
Transforming android-device-provider-gradle-proto-31.9.0.jar (com.android.tools.utp:android-device-provider-gradle-proto:31.9.0) with MergeInstrumentationAnalysisTransform
Transforming android-device-provider-profile-proto-31.9.0.jar (com.android.tools.utp:android-device-provider-profile-proto:31.9.0) with InstrumentationAnalysisTransform
Transforming android-device-provider-profile-proto-31.9.0.jar (com.android.tools.utp:android-device-provider-profile-proto:31.9.0) with MergeInstrumentationAnalysisTransform
Transforming android-device-provider-gradle-proto-31.9.0.jar (com.android.tools.utp:android-device-provider-gradle-proto:31.9.0) with ExternalDependencyInstrumentingArtifactTransform
Transforming databinding-common-8.9.0.jar (androidx.databinding:databinding-common:8.9.0) with ExternalDependencyInstrumentingArtifactTransform
Transforming android-device-provider-profile-proto-31.9.0.jar (com.android.tools.utp:android-device-provider-profile-proto:31.9.0) with ExternalDependencyInstrumentingArtifactTransform
Transforming android-test-plugin-host-additional-test-output-proto-31.9.0.jar (com.android.tools.utp:android-test-plugin-host-additional-test-output-proto:31.9.0) with InstrumentationAnalysisTransform
Transforming android-device-provider-ddmlib-proto-31.9.0.jar (com.android.tools.utp:android-device-provider-ddmlib-proto:31.9.0) with ExternalDependencyInstrumentingArtifactTransform
Transforming baseLibrary-8.9.0.jar (com.android.databinding:baseLibrary:8.9.0) with ExternalDependencyInstrumentingArtifactTransform
Transforming android-test-plugin-host-additional-test-output-proto-31.9.0.jar (com.android.tools.utp:android-test-plugin-host-additional-test-output-proto:31.9.0) with MergeInstrumentationAnalysisTransform
Transforming android-test-plugin-host-coverage-proto-31.9.0.jar (com.android.tools.utp:android-test-plugin-host-coverage-proto:31.9.0) with InstrumentationAnalysisTransform
Transforming android-test-plugin-host-coverage-proto-31.9.0.jar (com.android.tools.utp:android-test-plugin-host-coverage-proto:31.9.0) with MergeInstrumentationAnalysisTransform
Transforming android-test-plugin-host-additional-test-output-proto-31.9.0.jar (com.android.tools.utp:android-test-plugin-host-additional-test-output-proto:31.9.0) with ExternalDependencyInstrumentingArtifactTransform
Transforming android-test-plugin-host-logcat-proto-31.9.0.jar (com.android.tools.utp:android-test-plugin-host-logcat-proto:31.9.0) with InstrumentationAnalysisTransform
Transforming android-test-plugin-host-logcat-proto-31.9.0.jar (com.android.tools.utp:android-test-plugin-host-logcat-proto:31.9.0) with MergeInstrumentationAnalysisTransform
Transforming android-test-plugin-host-apk-installer-proto-31.9.0.jar (com.android.tools.utp:android-test-plugin-host-apk-installer-proto:31.9.0) with InstrumentationAnalysisTransform
Transforming android-test-plugin-host-apk-installer-proto-31.9.0.jar (com.android.tools.utp:android-test-plugin-host-apk-installer-proto:31.9.0) with MergeInstrumentationAnalysisTransform
Transforming android-test-plugin-host-coverage-proto-31.9.0.jar (com.android.tools.utp:android-test-plugin-host-coverage-proto:31.9.0) with ExternalDependencyInstrumentingArtifactTransform
Transforming android-test-plugin-result-listener-gradle-proto-31.9.0.jar (com.android.tools.utp:android-test-plugin-result-listener-gradle-proto:31.9.0) with InstrumentationAnalysisTransform
Transforming android-test-plugin-host-apk-installer-proto-31.9.0.jar (com.android.tools.utp:android-test-plugin-host-apk-installer-proto:31.9.0) with ExternalDependencyInstrumentingArtifactTransform
Transforming android-test-plugin-host-logcat-proto-31.9.0.jar (com.android.tools.utp:android-test-plugin-host-logcat-proto:31.9.0) with ExternalDependencyInstrumentingArtifactTransform
Transforming android-test-plugin-result-listener-gradle-proto-31.9.0.jar (com.android.tools.utp:android-test-plugin-result-listener-gradle-proto:31.9.0) with MergeInstrumentationAnalysisTransform
Transforming transform-api-2.0.0-deprecated-use-gradle-api.jar (com.android.tools.build:transform-api:2.0.0-deprecated-use-gradle-api) with InstrumentationAnalysisTransform
Transforming transform-api-2.0.0-deprecated-use-gradle-api.jar (com.android.tools.build:transform-api:2.0.0-deprecated-use-gradle-api) with MergeInstrumentationAnalysisTransform
Transforming httpmime-4.5.6.jar (org.apache.httpcomponents:httpmime:4.5.6) with InstrumentationAnalysisTransform
Transforming android-test-plugin-result-listener-gradle-proto-31.9.0.jar (com.android.tools.utp:android-test-plugin-result-listener-gradle-proto:31.9.0) with ExternalDependencyInstrumentingArtifactTransform
Transforming httpmime-4.5.6.jar (org.apache.httpcomponents:httpmime:4.5.6) with MergeInstrumentationAnalysisTransform
Transforming transform-api-2.0.0-deprecated-use-gradle-api.jar (com.android.tools.build:transform-api:2.0.0-deprecated-use-gradle-api) with ExternalDependencyInstrumentingArtifactTransform
Transforming commons-io-2.16.1.jar (commons-io:commons-io:2.16.1) with InstrumentationAnalysisTransform
Transforming httpmime-4.5.6.jar (org.apache.httpcomponents:httpmime:4.5.6) with ExternalDependencyInstrumentingArtifactTransform
Transforming commons-io-2.16.1.jar (commons-io:commons-io:2.16.1) with MergeInstrumentationAnalysisTransform
Transforming asm-commons-9.7.jar (org.ow2.asm:asm-commons:9.7) with InstrumentationAnalysisTransform
Transforming asm-commons-9.7.jar (org.ow2.asm:asm-commons:9.7) with MergeInstrumentationAnalysisTransform
Transforming commons-io-2.16.1.jar (commons-io:commons-io:2.16.1) with ExternalDependencyInstrumentingArtifactTransform
Transforming asm-util-9.7.jar (org.ow2.asm:asm-util:9.7) with InstrumentationAnalysisTransform
Transforming asm-commons-9.7.jar (org.ow2.asm:asm-commons:9.7) with ExternalDependencyInstrumentingArtifactTransform
Transforming asm-util-9.7.jar (org.ow2.asm:asm-util:9.7) with MergeInstrumentationAnalysisTransform
Transforming asm-analysis-9.7.jar (org.ow2.asm:asm-analysis:9.7) with InstrumentationAnalysisTransform
Transforming asm-analysis-9.7.jar (org.ow2.asm:asm-analysis:9.7) with MergeInstrumentationAnalysisTransform
Transforming asm-tree-9.7.jar (org.ow2.asm:asm-tree:9.7) with InstrumentationAnalysisTransform
Transforming asm-tree-9.7.jar (org.ow2.asm:asm-tree:9.7) with MergeInstrumentationAnalysisTransform
Transforming asm-9.7.jar (org.ow2.asm:asm:9.7) with InstrumentationAnalysisTransform
Transforming asm-util-9.7.jar (org.ow2.asm:asm-util:9.7) with ExternalDependencyInstrumentingArtifactTransform
Transforming asm-analysis-9.7.jar (org.ow2.asm:asm-analysis:9.7) with ExternalDependencyInstrumentingArtifactTransform
Transforming asm-9.7.jar (org.ow2.asm:asm:9.7) with MergeInstrumentationAnalysisTransform
Transforming asm-tree-9.7.jar (org.ow2.asm:asm-tree:9.7) with ExternalDependencyInstrumentingArtifactTransform
Transforming apkzlib-8.9.0.jar (com.android.tools.build:apkzlib:8.9.0) with InstrumentationAnalysisTransform
Transforming apkzlib-8.9.0.jar (com.android.tools.build:apkzlib:8.9.0) with MergeInstrumentationAnalysisTransform
Transforming asm-9.7.jar (org.ow2.asm:asm:9.7) with ExternalDependencyInstrumentingArtifactTransform
Transforming bcpkix-jdk18on-1.79.jar (org.bouncycastle:bcpkix-jdk18on:1.79) with InstrumentationAnalysisTransform
Transforming apkzlib-8.9.0.jar (com.android.tools.build:apkzlib:8.9.0) with ExternalDependencyInstrumentingArtifactTransform
Transforming bcpkix-jdk18on-1.79.jar (org.bouncycastle:bcpkix-jdk18on:1.79) with MergeInstrumentationAnalysisTransform
Transforming jaxb-runtime-2.3.2.jar (org.glassfish.jaxb:jaxb-runtime:2.3.2) with InstrumentationAnalysisTransform
Transforming bcpkix-jdk18on-1.79.jar (org.bouncycastle:bcpkix-jdk18on:1.79) with ExternalDependencyInstrumentingArtifactTransform
Transforming jaxb-runtime-2.3.2.jar (org.glassfish.jaxb:jaxb-runtime:2.3.2) with MergeInstrumentationAnalysisTransform
Transforming jopt-simple-4.9.jar (net.sf.jopt-simple:jopt-simple:4.9) with InstrumentationAnalysisTransform
Transforming jopt-simple-4.9.jar (net.sf.jopt-simple:jopt-simple:4.9) with MergeInstrumentationAnalysisTransform
Transforming javapoet-1.10.0.jar (com.squareup:javapoet:1.10.0) with InstrumentationAnalysisTransform
Transforming jaxb-runtime-2.3.2.jar (org.glassfish.jaxb:jaxb-runtime:2.3.2) with ExternalDependencyInstrumentingArtifactTransform
Transforming javapoet-1.10.0.jar (com.squareup:javapoet:1.10.0) with MergeInstrumentationAnalysisTransform
Transforming jopt-simple-4.9.jar (net.sf.jopt-simple:jopt-simple:4.9) with ExternalDependencyInstrumentingArtifactTransform
Transforming protobuf-java-util-3.22.3.jar (com.google.protobuf:protobuf-java-util:3.22.3) with InstrumentationAnalysisTransform
Transforming javapoet-1.10.0.jar (com.squareup:javapoet:1.10.0) with ExternalDependencyInstrumentingArtifactTransform
Transforming protobuf-java-util-3.22.3.jar (com.google.protobuf:protobuf-java-util:3.22.3) with MergeInstrumentationAnalysisTransform
Transforming tink-1.7.0.jar (com.google.crypto.tink:tink:1.7.0) with InstrumentationAnalysisTransform
Transforming tink-1.7.0.jar (com.google.crypto.tink:tink:1.7.0) with MergeInstrumentationAnalysisTransform
Transforming core-proto-0.0.9-alpha03.jar (com.google.testing.platform:core-proto:0.0.9-alpha03) with InstrumentationAnalysisTransform
Transforming protobuf-java-util-3.22.3.jar (com.google.protobuf:protobuf-java-util:3.22.3) with ExternalDependencyInstrumentingArtifactTransform
Transforming core-proto-0.0.9-alpha03.jar (com.google.testing.platform:core-proto:0.0.9-alpha03) with MergeInstrumentationAnalysisTransform
Transforming tink-1.7.0.jar (com.google.crypto.tink:tink:1.7.0) with ExternalDependencyInstrumentingArtifactTransform
Transforming protos-31.9.0.jar (com.android.tools.analytics-library:protos:31.9.0) with InstrumentationAnalysisTransform
Transforming protos-31.9.0.jar (com.android.tools.analytics-library:protos:31.9.0) with MergeInstrumentationAnalysisTransform
Transforming grpc-protobuf-1.57.2.jar (io.grpc:grpc-protobuf:1.57.2) with InstrumentationAnalysisTransform
Transforming core-proto-0.0.9-alpha03.jar (com.google.testing.platform:core-proto:0.0.9-alpha03) with ExternalDependencyInstrumentingArtifactTransform
Transforming grpc-protobuf-1.57.2.jar (io.grpc:grpc-protobuf:1.57.2) with MergeInstrumentationAnalysisTransform
Transforming protos-31.9.0.jar (com.android.tools.analytics-library:protos:31.9.0) with ExternalDependencyInstrumentingArtifactTransform
Transforming grpc-protobuf-1.57.2.jar (io.grpc:grpc-protobuf:1.57.2) with ExternalDependencyInstrumentingArtifactTransform
Transforming proto-google-common-protos-2.17.0.jar (com.google.api.grpc:proto-google-common-protos:2.17.0) with InstrumentationAnalysisTransform
Transforming proto-google-common-protos-2.17.0.jar (com.google.api.grpc:proto-google-common-protos:2.17.0) with MergeInstrumentationAnalysisTransform
Transforming protobuf-java-3.24.4.jar (com.google.protobuf:protobuf-java:3.24.4) with InstrumentationAnalysisTransform
Transforming protobuf-java-3.24.4.jar (com.google.protobuf:protobuf-java:3.24.4) with MergeInstrumentationAnalysisTransform
Transforming grpc-netty-1.57.2.jar (io.grpc:grpc-netty:1.57.2) with InstrumentationAnalysisTransform
Transforming proto-google-common-protos-2.17.0.jar (com.google.api.grpc:proto-google-common-protos:2.17.0) with ExternalDependencyInstrumentingArtifactTransform
Transforming protobuf-java-3.24.4.jar (com.google.protobuf:protobuf-java:3.24.4) with ExternalDependencyInstrumentingArtifactTransform
Transforming grpc-netty-1.57.2.jar (io.grpc:grpc-netty:1.57.2) with MergeInstrumentationAnalysisTransform
Transforming grpc-core-1.57.2.jar (io.grpc:grpc-core:1.57.2) with InstrumentationAnalysisTransform
Transforming grpc-netty-1.57.2.jar (io.grpc:grpc-netty:1.57.2) with ExternalDependencyInstrumentingArtifactTransform
Transforming grpc-core-1.57.2.jar (io.grpc:grpc-core:1.57.2) with MergeInstrumentationAnalysisTransform
Transforming gson-2.10.1.jar (com.google.code.gson:gson:2.10.1) with InstrumentationAnalysisTransform
Transforming gson-2.10.1.jar (com.google.code.gson:gson:2.10.1) with MergeInstrumentationAnalysisTransform
Transforming grpc-stub-1.57.2.jar (io.grpc:grpc-stub:1.57.2) with InstrumentationAnalysisTransform
Transforming grpc-stub-1.57.2.jar (io.grpc:grpc-stub:1.57.2) with MergeInstrumentationAnalysisTransform
Transforming tensorflow-lite-metadata-0.2.0.jar (org.tensorflow:tensorflow-lite-metadata:0.2.0) with InstrumentationAnalysisTransform
Transforming gson-2.10.1.jar (com.google.code.gson:gson:2.10.1) with ExternalDependencyInstrumentingArtifactTransform
Transforming grpc-core-1.57.2.jar (io.grpc:grpc-core:1.57.2) with ExternalDependencyInstrumentingArtifactTransform
Transforming tensorflow-lite-metadata-0.2.0.jar (org.tensorflow:tensorflow-lite-metadata:0.2.0) with MergeInstrumentationAnalysisTransform
Transforming grpc-stub-1.57.2.jar (io.grpc:grpc-stub:1.57.2) with ExternalDependencyInstrumentingArtifactTransform
Transforming flatbuffers-java-1.12.0.jar (com.google.flatbuffers:flatbuffers-java:1.12.0) with InstrumentationAnalysisTransform
Transforming flatbuffers-java-1.12.0.jar (com.google.flatbuffers:flatbuffers-java:1.12.0) with MergeInstrumentationAnalysisTransform
Transforming tensorflow-lite-metadata-0.2.0.jar (org.tensorflow:tensorflow-lite-metadata:0.2.0) with ExternalDependencyInstrumentingArtifactTransform
Transforming jimfs-1.1.jar (com.google.jimfs:jimfs:1.1) with InstrumentationAnalysisTransform
Transforming flatbuffers-java-1.12.0.jar (com.google.flatbuffers:flatbuffers-java:1.12.0) with ExternalDependencyInstrumentingArtifactTransform
Transforming jimfs-1.1.jar (com.google.jimfs:jimfs:1.1) with MergeInstrumentationAnalysisTransform
Transforming grpc-context-1.57.2.jar (io.grpc:grpc-context:1.57.2) with InstrumentationAnalysisTransform
Transforming grpc-context-1.57.2.jar (io.grpc:grpc-context:1.57.2) with MergeInstrumentationAnalysisTransform
Transforming grpc-protobuf-lite-1.57.2.jar (io.grpc:grpc-protobuf-lite:1.57.2) with InstrumentationAnalysisTransform
Transforming grpc-protobuf-lite-1.57.2.jar (io.grpc:grpc-protobuf-lite:1.57.2) with MergeInstrumentationAnalysisTransform
Transforming grpc-api-1.57.2.jar (io.grpc:grpc-api:1.57.2) with InstrumentationAnalysisTransform
Transforming grpc-context-1.57.2.jar (io.grpc:grpc-context:1.57.2) with ExternalDependencyInstrumentingArtifactTransform
Transforming jimfs-1.1.jar (com.google.jimfs:jimfs:1.1) with ExternalDependencyInstrumentingArtifactTransform
Transforming grpc-protobuf-lite-1.57.2.jar (io.grpc:grpc-protobuf-lite:1.57.2) with ExternalDependencyInstrumentingArtifactTransform
Transforming grpc-api-1.57.2.jar (io.grpc:grpc-api:1.57.2) with MergeInstrumentationAnalysisTransform
Transforming guava-32.0.1-jre.jar (com.google.guava:guava:32.0.1-jre) with InstrumentationAnalysisTransform
Transforming guava-32.0.1-jre.jar (com.google.guava:guava:32.0.1-jre) with MergeInstrumentationAnalysisTransform
Transforming dagger-2.28.3.jar (com.google.dagger:dagger:2.28.3) with InstrumentationAnalysisTransform
Transforming grpc-api-1.57.2.jar (io.grpc:grpc-api:1.57.2) with ExternalDependencyInstrumentingArtifactTransform
Transforming guava-32.0.1-jre.jar (com.google.guava:guava:32.0.1-jre) with ExternalDependencyInstrumentingArtifactTransform
Transforming dagger-2.28.3.jar (com.google.dagger:dagger:2.28.3) with MergeInstrumentationAnalysisTransform
Transforming javax.inject-1.jar (javax.inject:javax.inject:1) with InstrumentationAnalysisTransform
Transforming dagger-2.28.3.jar (com.google.dagger:dagger:2.28.3) with ExternalDependencyInstrumentingArtifactTransform
Transforming javax.inject-1.jar (javax.inject:javax.inject:1) with MergeInstrumentationAnalysisTransform
Transforming kxml2-2.3.0.jar (net.sf.kxml:kxml2:2.3.0) with InstrumentationAnalysisTransform
Transforming kxml2-2.3.0.jar (net.sf.kxml:kxml2:2.3.0) with MergeInstrumentationAnalysisTransform
Transforming bcutil-jdk18on-1.79.jar (org.bouncycastle:bcutil-jdk18on:1.79) with InstrumentationAnalysisTransform
Transforming javax.inject-1.jar (javax.inject:javax.inject:1) with ExternalDependencyInstrumentingArtifactTransform
Transforming kxml2-2.3.0.jar (net.sf.kxml:kxml2:2.3.0) with ExternalDependencyInstrumentingArtifactTransform
Transforming bcutil-jdk18on-1.79.jar (org.bouncycastle:bcutil-jdk18on:1.79) with MergeInstrumentationAnalysisTransform
Transforming bcprov-jdk18on-1.79.jar (org.bouncycastle:bcprov-jdk18on:1.79) with InstrumentationAnalysisTransform
Transforming bcprov-jdk18on-1.79.jar (org.bouncycastle:bcprov-jdk18on:1.79) with MergeInstrumentationAnalysisTransform
Transforming commons-compress-1.21.jar (org.apache.commons:commons-compress:1.21) with InstrumentationAnalysisTransform
Transforming bcutil-jdk18on-1.79.jar (org.bouncycastle:bcutil-jdk18on:1.79) with ExternalDependencyInstrumentingArtifactTransform
Transforming commons-compress-1.21.jar (org.apache.commons:commons-compress:1.21) with MergeInstrumentationAnalysisTransform
Transforming bcprov-jdk18on-1.79.jar (org.bouncycastle:bcprov-jdk18on:1.79) with ExternalDependencyInstrumentingArtifactTransform
Transforming httpclient-4.5.14.jar (org.apache.httpcomponents:httpclient:4.5.14) with InstrumentationAnalysisTransform
Transforming httpclient-4.5.14.jar (org.apache.httpcomponents:httpclient:4.5.14) with MergeInstrumentationAnalysisTransform
Transforming httpcore-4.4.16.jar (org.apache.httpcomponents:httpcore:4.4.16) with InstrumentationAnalysisTransform
Transforming commons-compress-1.21.jar (org.apache.commons:commons-compress:1.21) with ExternalDependencyInstrumentingArtifactTransform
Transforming httpcore-4.4.16.jar (org.apache.httpcomponents:httpcore:4.4.16) with MergeInstrumentationAnalysisTransform
Transforming httpclient-4.5.14.jar (org.apache.httpcomponents:httpclient:4.5.14) with ExternalDependencyInstrumentingArtifactTransform
Transforming javax.activation-1.2.0.jar (com.sun.activation:javax.activation:1.2.0) with InstrumentationAnalysisTransform
Transforming httpcore-4.4.16.jar (org.apache.httpcomponents:httpcore:4.4.16) with ExternalDependencyInstrumentingArtifactTransform
Transforming javax.activation-1.2.0.jar (com.sun.activation:javax.activation:1.2.0) with MergeInstrumentationAnalysisTransform
Transforming signflinger-8.9.0.jar (com.android:signflinger:8.9.0) with InstrumentationAnalysisTransform
Transforming signflinger-8.9.0.jar (com.android:signflinger:8.9.0) with MergeInstrumentationAnalysisTransform
Transforming zipflinger-8.9.0.jar (com.android:zipflinger:8.9.0) with InstrumentationAnalysisTransform
Transforming zipflinger-8.9.0.jar (com.android:zipflinger:8.9.0) with MergeInstrumentationAnalysisTransform
Transforming annotations-31.9.0.jar (com.android.tools:annotations:31.9.0) with InstrumentationAnalysisTransform
Transforming javax.activation-1.2.0.jar (com.sun.activation:javax.activation:1.2.0) with ExternalDependencyInstrumentingArtifactTransform
Transforming zipflinger-8.9.0.jar (com.android:zipflinger:8.9.0) with ExternalDependencyInstrumentingArtifactTransform
Transforming annotations-31.9.0.jar (com.android.tools:annotations:31.9.0) with MergeInstrumentationAnalysisTransform
Transforming signflinger-8.9.0.jar (com.android:signflinger:8.9.0) with ExternalDependencyInstrumentingArtifactTransform
Transforming jna-platform-5.6.0.jar (net.java.dev.jna:jna-platform:5.6.0) with InstrumentationAnalysisTransform
Transforming jna-platform-5.6.0.jar (net.java.dev.jna:jna-platform:5.6.0) with MergeInstrumentationAnalysisTransform
Transforming annotations-31.9.0.jar (com.android.tools:annotations:31.9.0) with ExternalDependencyInstrumentingArtifactTransform
Transforming juniversalchardet-1.0.3.jar (com.googlecode.juniversalchardet:juniversalchardet:1.0.3) with InstrumentationAnalysisTransform
Transforming jna-platform-5.6.0.jar (net.java.dev.jna:jna-platform:5.6.0) with ExternalDependencyInstrumentingArtifactTransform
Transforming juniversalchardet-1.0.3.jar (com.googlecode.juniversalchardet:juniversalchardet:1.0.3) with MergeInstrumentationAnalysisTransform
Transforming javax.annotation-api-1.3.2.jar (javax.annotation:javax.annotation-api:1.3.2) with InstrumentationAnalysisTransform
Transforming javax.annotation-api-1.3.2.jar (javax.annotation:javax.annotation-api:1.3.2) with MergeInstrumentationAnalysisTransform
Transforming stax-ex-1.8.1.jar (org.jvnet.staxex:stax-ex:1.8.1) with InstrumentationAnalysisTransform
Transforming juniversalchardet-1.0.3.jar (com.googlecode.juniversalchardet:juniversalchardet:1.0.3) with ExternalDependencyInstrumentingArtifactTransform
Transforming stax-ex-1.8.1.jar (org.jvnet.staxex:stax-ex:1.8.1) with MergeInstrumentationAnalysisTransform
Transforming javax.annotation-api-1.3.2.jar (javax.annotation:javax.annotation-api:1.3.2) with ExternalDependencyInstrumentingArtifactTransform
Transforming stax-ex-1.8.1.jar (org.jvnet.staxex:stax-ex:1.8.1) with ExternalDependencyInstrumentingArtifactTransform
Transforming jakarta.xml.bind-api-2.3.2.jar (jakarta.xml.bind:jakarta.xml.bind-api:2.3.2) with InstrumentationAnalysisTransform
Transforming jakarta.xml.bind-api-2.3.2.jar (jakarta.xml.bind:jakarta.xml.bind-api:2.3.2) with MergeInstrumentationAnalysisTransform
Transforming txw2-2.3.2.jar (org.glassfish.jaxb:txw2:2.3.2) with InstrumentationAnalysisTransform
Transforming txw2-2.3.2.jar (org.glassfish.jaxb:txw2:2.3.2) with MergeInstrumentationAnalysisTransform
Transforming istack-commons-runtime-3.0.8.jar (com.sun.istack:istack-commons-runtime:3.0.8) with InstrumentationAnalysisTransform
Transforming istack-commons-runtime-3.0.8.jar (com.sun.istack:istack-commons-runtime:3.0.8) with MergeInstrumentationAnalysisTransform
Transforming FastInfoset-1.2.16.jar (com.sun.xml.fastinfoset:FastInfoset:1.2.16) with InstrumentationAnalysisTransform
Transforming jakarta.xml.bind-api-2.3.2.jar (jakarta.xml.bind:jakarta.xml.bind-api:2.3.2) with ExternalDependencyInstrumentingArtifactTransform
Transforming FastInfoset-1.2.16.jar (com.sun.xml.fastinfoset:FastInfoset:1.2.16) with MergeInstrumentationAnalysisTransform
Transforming txw2-2.3.2.jar (org.glassfish.jaxb:txw2:2.3.2) with ExternalDependencyInstrumentingArtifactTransform
Transforming jakarta.activation-api-1.2.1.jar (jakarta.activation:jakarta.activation-api:1.2.1) with InstrumentationAnalysisTransform
Transforming istack-commons-runtime-3.0.8.jar (com.sun.istack:istack-commons-runtime:3.0.8) with ExternalDependencyInstrumentingArtifactTransform
Transforming jakarta.activation-api-1.2.1.jar (jakarta.activation:jakarta.activation-api:1.2.1) with MergeInstrumentationAnalysisTransform
Transforming FastInfoset-1.2.16.jar (com.sun.xml.fastinfoset:FastInfoset:1.2.16) with ExternalDependencyInstrumentingArtifactTransform
Transforming auto-value-annotations-1.6.2.jar (com.google.auto.value:auto-value-annotations:1.6.2) with InstrumentationAnalysisTransform
Transforming jakarta.activation-api-1.2.1.jar (jakarta.activation:jakarta.activation-api:1.2.1) with ExternalDependencyInstrumentingArtifactTransform
Transforming auto-value-annotations-1.6.2.jar (com.google.auto.value:auto-value-annotations:1.6.2) with MergeInstrumentationAnalysisTransform
Transforming error_prone_annotations-2.18.0.jar (com.google.errorprone:error_prone_annotations:2.18.0) with InstrumentationAnalysisTransform
Transforming auto-value-annotations-1.6.2.jar (com.google.auto.value:auto-value-annotations:1.6.2) with ExternalDependencyInstrumentingArtifactTransform
Transforming error_prone_annotations-2.18.0.jar (com.google.errorprone:error_prone_annotations:2.18.0) with MergeInstrumentationAnalysisTransform
Transforming jose4j-0.9.5.jar (org.bitbucket.b_c:jose4j:0.9.5) with InstrumentationAnalysisTransform
Transforming jose4j-0.9.5.jar (org.bitbucket.b_c:jose4j:0.9.5) with MergeInstrumentationAnalysisTransform
Transforming slf4j-api-1.7.30.jar (org.slf4j:slf4j-api:1.7.30) with InstrumentationAnalysisTransform
Transforming error_prone_annotations-2.18.0.jar (com.google.errorprone:error_prone_annotations:2.18.0) with ExternalDependencyInstrumentingArtifactTransform
Transforming slf4j-api-1.7.30.jar (org.slf4j:slf4j-api:1.7.30) with MergeInstrumentationAnalysisTransform
Transforming jose4j-0.9.5.jar (org.bitbucket.b_c:jose4j:0.9.5) with ExternalDependencyInstrumentingArtifactTransform
Transforming jdom2-2.0.6.jar (org.jdom:jdom2:2.0.6) with InstrumentationAnalysisTransform
Transforming slf4j-api-1.7.30.jar (org.slf4j:slf4j-api:1.7.30) with ExternalDependencyInstrumentingArtifactTransform
Transforming jdom2-2.0.6.jar (org.jdom:jdom2:2.0.6) with MergeInstrumentationAnalysisTransform
Transforming jsr305-3.0.2.jar (com.google.code.findbugs:jsr305:3.0.2) with InstrumentationAnalysisTransform
Transforming jsr305-3.0.2.jar (com.google.code.findbugs:jsr305:3.0.2) with MergeInstrumentationAnalysisTransform
Transforming jdom2-2.0.6.jar (org.jdom:jdom2:2.0.6) with ExternalDependencyInstrumentingArtifactTransform
Transforming j2objc-annotations-2.8.jar (com.google.j2objc:j2objc-annotations:2.8) with InstrumentationAnalysisTransform
Transforming j2objc-annotations-2.8.jar (com.google.j2objc:j2objc-annotations:2.8) with MergeInstrumentationAnalysisTransform
Transforming jsr305-3.0.2.jar (com.google.code.findbugs:jsr305:3.0.2) with ExternalDependencyInstrumentingArtifactTransform
Transforming checker-qual-3.33.0.jar (org.checkerframework:checker-qual:3.33.0) with InstrumentationAnalysisTransform
Transforming checker-qual-3.33.0.jar (org.checkerframework:checker-qual:3.33.0) with MergeInstrumentationAnalysisTransform
Transforming apksig-8.9.0.jar (com.android.tools.build:apksig:8.9.0) with InstrumentationAnalysisTransform
Transforming j2objc-annotations-2.8.jar (com.google.j2objc:j2objc-annotations:2.8) with ExternalDependencyInstrumentingArtifactTransform
Transforming apksig-8.9.0.jar (com.android.tools.build:apksig:8.9.0) with MergeInstrumentationAnalysisTransform
Transforming checker-qual-3.33.0.jar (org.checkerframework:checker-qual:3.33.0) with ExternalDependencyInstrumentingArtifactTransform
Transforming javawriter-2.5.0.jar (com.squareup:javawriter:2.5.0) with InstrumentationAnalysisTransform
Transforming apksig-8.9.0.jar (com.android.tools.build:apksig:8.9.0) with ExternalDependencyInstrumentingArtifactTransform
Transforming javawriter-2.5.0.jar (com.squareup:javawriter:2.5.0) with MergeInstrumentationAnalysisTransform
Transforming failureaccess-1.0.1.jar (com.google.guava:failureaccess:1.0.1) with InstrumentationAnalysisTransform
Transforming failureaccess-1.0.1.jar (com.google.guava:failureaccess:1.0.1) with MergeInstrumentationAnalysisTransform
Transforming listenablefuture-9999.0-empty-to-avoid-conflict-with-guava.jar (com.google.guava:listenablefuture:9999.0-empty-to-avoid-conflict-with-guava) with InstrumentationAnalysisTransform
Transforming listenablefuture-9999.0-empty-to-avoid-conflict-with-guava.jar (com.google.guava:listenablefuture:9999.0-empty-to-avoid-conflict-with-guava) with MergeInstrumentationAnalysisTransform
Transforming javawriter-2.5.0.jar (com.squareup:javawriter:2.5.0) with ExternalDependencyInstrumentingArtifactTransform
Transforming failureaccess-1.0.1.jar (com.google.guava:failureaccess:1.0.1) with ExternalDependencyInstrumentingArtifactTransform
Transforming commons-logging-1.2.jar (commons-logging:commons-logging:1.2) with InstrumentationAnalysisTransform
Transforming listenablefuture-9999.0-empty-to-avoid-conflict-with-guava.jar (com.google.guava:listenablefuture:9999.0-empty-to-avoid-conflict-with-guava) with ExternalDependencyInstrumentingArtifactTransform
Transforming commons-logging-1.2.jar (commons-logging:commons-logging:1.2) with MergeInstrumentationAnalysisTransform
Transforming commons-codec-1.11.jar (commons-codec:commons-codec:1.11) with InstrumentationAnalysisTransform
Transforming commons-logging-1.2.jar (commons-logging:commons-logging:1.2) with ExternalDependencyInstrumentingArtifactTransform
Transforming commons-codec-1.11.jar (commons-codec:commons-codec:1.11) with MergeInstrumentationAnalysisTransform
Transforming jna-5.6.0.jar (net.java.dev.jna:jna:5.6.0) with InstrumentationAnalysisTransform
Transforming commons-codec-1.11.jar (commons-codec:commons-codec:1.11) with ExternalDependencyInstrumentingArtifactTransform
Transforming jna-5.6.0.jar (net.java.dev.jna:jna:5.6.0) with MergeInstrumentationAnalysisTransform
Transforming annotations-4.1.1.4.jar (com.google.android:annotations:4.1.1.4) with InstrumentationAnalysisTransform
Transforming annotations-4.1.1.4.jar (com.google.android:annotations:4.1.1.4) with MergeInstrumentationAnalysisTransform
Transforming animal-sniffer-annotations-1.23.jar (org.codehaus.mojo:animal-sniffer-annotations:1.23) with InstrumentationAnalysisTransform
Transforming jna-5.6.0.jar (net.java.dev.jna:jna:5.6.0) with ExternalDependencyInstrumentingArtifactTransform
Transforming animal-sniffer-annotations-1.23.jar (org.codehaus.mojo:animal-sniffer-annotations:1.23) with MergeInstrumentationAnalysisTransform
Transforming annotations-4.1.1.4.jar (com.google.android:annotations:4.1.1.4) with ExternalDependencyInstrumentingArtifactTransform
Transforming animal-sniffer-annotations-1.23.jar (org.codehaus.mojo:animal-sniffer-annotations:1.23) with ExternalDependencyInstrumentingArtifactTransform
Transforming perfmark-api-0.26.0.jar (io.perfmark:perfmark-api:0.26.0) with InstrumentationAnalysisTransform
Transforming perfmark-api-0.26.0.jar (io.perfmark:perfmark-api:0.26.0) with MergeInstrumentationAnalysisTransform
Transforming netty-codec-http2-4.1.93.Final.jar (io.netty:netty-codec-http2:4.1.93.Final) with InstrumentationAnalysisTransform
Transforming netty-codec-http2-4.1.93.Final.jar (io.netty:netty-codec-http2:4.1.93.Final) with MergeInstrumentationAnalysisTransform
Transforming netty-handler-proxy-4.1.93.Final.jar (io.netty:netty-handler-proxy:4.1.93.Final) with InstrumentationAnalysisTransform
Transforming netty-handler-proxy-4.1.93.Final.jar (io.netty:netty-handler-proxy:4.1.93.Final) with MergeInstrumentationAnalysisTransform
Transforming netty-codec-http-4.1.93.Final.jar (io.netty:netty-codec-http:4.1.93.Final) with InstrumentationAnalysisTransform
Transforming netty-codec-http-4.1.93.Final.jar (io.netty:netty-codec-http:4.1.93.Final) with MergeInstrumentationAnalysisTransform
Transforming netty-handler-4.1.93.Final.jar (io.netty:netty-handler:4.1.93.Final) with InstrumentationAnalysisTransform
Transforming perfmark-api-0.26.0.jar (io.perfmark:perfmark-api:0.26.0) with ExternalDependencyInstrumentingArtifactTransform
Transforming netty-handler-proxy-4.1.93.Final.jar (io.netty:netty-handler-proxy:4.1.93.Final) with ExternalDependencyInstrumentingArtifactTransform
Transforming netty-handler-4.1.93.Final.jar (io.netty:netty-handler:4.1.93.Final) with MergeInstrumentationAnalysisTransform
Transforming netty-codec-http2-4.1.93.Final.jar (io.netty:netty-codec-http2:4.1.93.Final) with ExternalDependencyInstrumentingArtifactTransform
Transforming netty-transport-native-unix-common-4.1.93.Final.jar (io.netty:netty-transport-native-unix-common:4.1.93.Final) with InstrumentationAnalysisTransform
Transforming netty-codec-http-4.1.93.Final.jar (io.netty:netty-codec-http:4.1.93.Final) with ExternalDependencyInstrumentingArtifactTransform
Transforming netty-handler-4.1.93.Final.jar (io.netty:netty-handler:4.1.93.Final) with ExternalDependencyInstrumentingArtifactTransform
Transforming netty-transport-native-unix-common-4.1.93.Final.jar (io.netty:netty-transport-native-unix-common:4.1.93.Final) with MergeInstrumentationAnalysisTransform
Transforming netty-codec-socks-4.1.93.Final.jar (io.netty:netty-codec-socks:4.1.93.Final) with InstrumentationAnalysisTransform
Transforming netty-codec-socks-4.1.93.Final.jar (io.netty:netty-codec-socks:4.1.93.Final) with MergeInstrumentationAnalysisTransform
Transforming netty-transport-native-unix-common-4.1.93.Final.jar (io.netty:netty-transport-native-unix-common:4.1.93.Final) with ExternalDependencyInstrumentingArtifactTransform
Transforming netty-codec-4.1.93.Final.jar (io.netty:netty-codec:4.1.93.Final) with InstrumentationAnalysisTransform
Transforming netty-codec-4.1.93.Final.jar (io.netty:netty-codec:4.1.93.Final) with MergeInstrumentationAnalysisTransform
Transforming netty-codec-socks-4.1.93.Final.jar (io.netty:netty-codec-socks:4.1.93.Final) with ExternalDependencyInstrumentingArtifactTransform
Transforming netty-transport-4.1.93.Final.jar (io.netty:netty-transport:4.1.93.Final) with InstrumentationAnalysisTransform
Transforming netty-transport-4.1.93.Final.jar (io.netty:netty-transport:4.1.93.Final) with MergeInstrumentationAnalysisTransform
Transforming netty-buffer-4.1.93.Final.jar (io.netty:netty-buffer:4.1.93.Final) with InstrumentationAnalysisTransform
Transforming netty-buffer-4.1.93.Final.jar (io.netty:netty-buffer:4.1.93.Final) with MergeInstrumentationAnalysisTransform
Transforming netty-resolver-4.1.93.Final.jar (io.netty:netty-resolver:4.1.93.Final) with InstrumentationAnalysisTransform
Transforming netty-codec-4.1.93.Final.jar (io.netty:netty-codec:4.1.93.Final) with ExternalDependencyInstrumentingArtifactTransform
Transforming netty-transport-4.1.93.Final.jar (io.netty:netty-transport:4.1.93.Final) with ExternalDependencyInstrumentingArtifactTransform
Transforming netty-buffer-4.1.93.Final.jar (io.netty:netty-buffer:4.1.93.Final) with ExternalDependencyInstrumentingArtifactTransform
Transforming netty-resolver-4.1.93.Final.jar (io.netty:netty-resolver:4.1.93.Final) with MergeInstrumentationAnalysisTransform
Transforming netty-common-4.1.93.Final.jar (io.netty:netty-common:4.1.93.Final) with InstrumentationAnalysisTransform
Transforming netty-common-4.1.93.Final.jar (io.netty:netty-common:4.1.93.Final) with MergeInstrumentationAnalysisTransform
Transforming netty-resolver-4.1.93.Final.jar (io.netty:netty-resolver:4.1.93.Final) with ExternalDependencyInstrumentingArtifactTransform
Transforming netty-common-4.1.93.Final.jar (io.netty:netty-common:4.1.93.Final) with ExternalDependencyInstrumentingArtifactTransform

> Configure project :app
Evaluating project ':app' using build file 'C:\Users\tiago\AndroidStudioProjects\pas\app\build.gradle.kts'.
Using default execution profile
All projects evaluated.
Task name matched 'processDebugResources'
Selected primary task 'processDebugResources' from project :
Tasks to be executed: [task ':app:preBuild', task ':app:preDebugBuild', task ':app:checkDebugAarMetadata', task ':app:generateDebugResValues', task ':app:mapDebugSourceSetPaths', task ':app:generateDebugResources', task ':app:mergeDebugResources', task ':app:packageDebugResources', task ':app:parseDebugLocalResources', task ':app:createDebugCompatibleScreenManifests', task ':app:extractDeepLinksDebug', task ':app:processDebugMainManifest', task ':app:processDebugManifest', task ':app:processDebugManifestForPackage', task ':app:processDebugResources']
Tasks that were excluded: []
Resolve mutations for :app:preBuild (Thread[#1059,Execution worker,5,main]) started.
:app:preBuild (Thread[#1059,Execution worker,5,main]) started.

> Task :app:preBuild UP-TO-DATE
Skipping task ':app:preBuild' as it has no actions.
Resolve mutations for :app:preDebugBuild (Thread[#1059,Execution worker,5,main]) started.
:app:preDebugBuild (Thread[#1059,Execution worker,5,main]) started.

> Task :app:preDebugBuild UP-TO-DATE
Skipping task ':app:preDebugBuild' as it has no actions.
Resolve mutations for :app:checkDebugAarMetadata (Thread[#1059,Execution worker,5,main]) started.
:app:checkDebugAarMetadata (Thread[#1059,Execution worker,5,main]) started.

> Task :app:checkDebugAarMetadata UP-TO-DATE
Transforming material-1.13.0.aar (com.google.android.material:material:1.13.0) with ExtractAarTransform
Transforming constraintlayout-2.2.0.aar (androidx.constraintlayout:constraintlayout:2.2.0) with ExtractAarTransform
Transforming appcompat-1.7.1.aar (androidx.appcompat:appcompat:1.7.1) with ExtractAarTransform
Transforming material-1.13.0.aar (com.google.android.material:material:1.13.0) with AarTransform
Transforming appcompat-resources-1.7.1.aar (androidx.appcompat:appcompat-resources:1.7.1) with ExtractAarTransform
Transforming appcompat-1.7.1.aar (androidx.appcompat:appcompat:1.7.1) with AarTransform
Transforming appcompat-resources-1.7.1.aar (androidx.appcompat:appcompat-resources:1.7.1) with AarTransform
Transforming constraintlayout-2.2.0.aar (androidx.constraintlayout:constraintlayout:2.2.0) with AarTransform
Transforming glide-4.16.0.aar (com.github.bumptech.glide:glide:4.16.0) with ExtractAarTransform
Transforming glide-4.16.0.aar (com.github.bumptech.glide:glide:4.16.0) with AarTransform
Transforming viewpager2-1.0.0.aar (androidx.viewpager2:viewpager2:1.0.0) with ExtractAarTransform
Transforming viewpager2-1.0.0.aar (androidx.viewpager2:viewpager2:1.0.0) with AarTransform
Transforming fragment-1.5.4.aar (androidx.fragment:fragment:1.5.4) with ExtractAarTransform
Transforming fragment-1.5.4.aar (androidx.fragment:fragment:1.5.4) with AarTransform
Transforming fragment-1.5.4.aar (androidx.fragment:fragment:1.5.4) with ExtractAarTransform
Transforming fragment-1.5.4.aar (androidx.fragment:fragment:1.5.4) with AarTransform
Transforming dynamicanimation-1.1.0.aar (androidx.dynamicanimation:dynamicanimation:1.1.0) with ExtractAarTransform
Transforming dynamicanimation-1.1.0.aar (androidx.dynamicanimation:dynamicanimation:1.1.0) with AarTransform
Transforming activity-1.9.3.aar (androidx.activity:activity:1.9.3) with ExtractAarTransform
Transforming activity-1.9.3.aar (androidx.activity:activity:1.9.3) with AarTransform
Transforming loader-1.0.0.aar (androidx.loader:loader:1.0.0) with ExtractAarTransform
Transforming loader-1.0.0.aar (androidx.loader:loader:1.0.0) with AarTransform
Transforming emoji2-views-helper-1.3.0.aar (androidx.emoji2:emoji2-views-helper:1.3.0) with ExtractAarTransform
Transforming emoji2-views-helper-1.3.0.aar (androidx.emoji2:emoji2-views-helper:1.3.0) with AarTransform
Transforming drawerlayout-1.1.1.aar (androidx.drawerlayout:drawerlayout:1.1.1) with ExtractAarTransform
Transforming drawerlayout-1.1.1.aar (androidx.drawerlayout:drawerlayout:1.1.1) with AarTransform
Transforming coordinatorlayout-1.1.0.aar (androidx.coordinatorlayout:coordinatorlayout:1.1.0) with ExtractAarTransform
Transforming coordinatorlayout-1.1.0.aar (androidx.coordinatorlayout:coordinatorlayout:1.1.0) with AarTransform
Transforming recyclerview-1.2.1.aar (androidx.recyclerview:recyclerview:1.2.1) with ExtractAarTransform
Transforming recyclerview-1.2.1.aar (androidx.recyclerview:recyclerview:1.2.1) with AarTransform
Transforming viewpager-1.0.0.aar (androidx.viewpager:viewpager:1.0.0) with ExtractAarTransform
Transforming customview-1.1.0.aar (androidx.customview:customview:1.1.0) with ExtractAarTransform
Transforming vectordrawable-animated-1.1.0.aar (androidx.vectordrawable:vectordrawable-animated:1.1.0) with ExtractAarTransform
Transforming vectordrawable-1.1.0.aar (androidx.vectordrawable:vectordrawable:1.1.0) with ExtractAarTransform
Transforming customview-1.1.0.aar (androidx.customview:customview:1.1.0) with AarTransform
Transforming vectordrawable-1.1.0.aar (androidx.vectordrawable:vectordrawable:1.1.0) with AarTransform
Transforming customview-1.1.0.aar (androidx.customview:customview:1.1.0) with ExtractAarTransform
Transforming vectordrawable-animated-1.1.0.aar (androidx.vectordrawable:vectordrawable-animated:1.1.0) with AarTransform
Transforming customview-1.1.0.aar (androidx.customview:customview:1.1.0) with ExtractAarTransform
Transforming customview-1.1.0.aar (androidx.customview:customview:1.1.0) with ExtractAarTransform
Transforming customview-1.1.0.aar (androidx.customview:customview:1.1.0) with AarTransform
Transforming viewpager-1.0.0.aar (androidx.viewpager:viewpager:1.0.0) with AarTransform
Transforming emoji2-1.3.0.aar (androidx.emoji2:emoji2:1.3.0) with ExtractAarTransform
Transforming emoji2-1.3.0.aar (androidx.emoji2:emoji2:1.3.0) with AarTransform
Transforming vectordrawable-1.1.0.aar (androidx.vectordrawable:vectordrawable:1.1.0) with ExtractAarTransform
Transforming lifecycle-viewmodel-release.aar (androidx.lifecycle:lifecycle-viewmodel-android:2.8.7) with ExtractAarTransform
Transforming lifecycle-viewmodel-release.aar (androidx.lifecycle:lifecycle-viewmodel-android:2.8.7) with AarTransform
Transforming vectordrawable-1.1.0.aar (androidx.vectordrawable:vectordrawable:1.1.0) with AarTransform
Transforming savedstate-1.2.1.aar (androidx.savedstate:savedstate:1.2.1) with ExtractAarTransform
Transforming savedstate-1.2.1.aar (androidx.savedstate:savedstate:1.2.1) with AarTransform
Transforming customview-1.1.0.aar (androidx.customview:customview:1.1.0) with AarTransform
Transforming customview-1.1.0.aar (androidx.customview:customview:1.1.0) with AarTransform
Transforming graphics-shapes-release.aar (androidx.graphics:graphics-shapes-android:1.0.1) with ExtractAarTransform
Transforming core-1.13.0.aar (androidx.core:core:1.13.0) with ExtractAarTransform
Transforming core-1.13.0.aar (androidx.core:core:1.13.0) with AarTransform
Transforming graphics-shapes-release.aar (androidx.graphics:graphics-shapes-android:1.0.1) with AarTransform
Transforming core-1.13.0.aar (androidx.core:core:1.13.0) with ExtractAarTransform
Transforming core-1.13.0.aar (androidx.core:core:1.13.0) with AarTransform
Transforming core-1.13.0.aar (androidx.core:core:1.13.0) with ExtractAarTransform
Transforming core-1.13.0.aar (androidx.core:core:1.13.0) with AarTransform
Transforming core-1.13.0.aar (androidx.core:core:1.13.0) with ExtractAarTransform
Transforming core-1.13.0.aar (androidx.core:core:1.13.0) with AarTransform
Transforming core-1.13.0.aar (androidx.core:core:1.13.0) with ExtractAarTransform
Transforming core-1.13.0.aar (androidx.core:core:1.13.0) with AarTransform
Transforming core-1.13.0.aar (androidx.core:core:1.13.0) with ExtractAarTransform
Transforming core-1.13.0.aar (androidx.core:core:1.13.0) with ExtractAarTransform
Transforming core-1.13.0.aar (androidx.core:core:1.13.0) with AarTransform
Transforming cardview-1.0.0.aar (androidx.cardview:cardview:1.0.0) with ExtractAarTransform
Transforming cardview-1.0.0.aar (androidx.cardview:cardview:1.0.0) with AarTransform
Transforming room-runtime-2.6.1.aar (androidx.room:room-runtime:2.6.1) with ExtractAarTransform
Transforming room-runtime-2.6.1.aar (androidx.room:room-runtime:2.6.1) with AarTransform
Transforming lifecycle-runtime-release.aar (androidx.lifecycle:lifecycle-runtime-android:2.8.7) with ExtractAarTransform
Transforming lifecycle-runtime-release.aar (androidx.lifecycle:lifecycle-runtime-android:2.8.7) with AarTransform
Transforming core-1.13.0.aar (androidx.core:core:1.13.0) with AarTransform
Transforming core-1.13.0.aar (androidx.core:core:1.13.0) with ExtractAarTransform
Transforming core-1.13.0.aar (androidx.core:core:1.13.0) with AarTransform
Transforming profileinstaller-1.4.0.aar (androidx.profileinstaller:profileinstaller:1.4.0) with ExtractAarTransform
Transforming profileinstaller-1.4.0.aar (androidx.profileinstaller:profileinstaller:1.4.0) with AarTransform
Transforming lifecycle-livedata-core-2.8.7.aar (androidx.lifecycle:lifecycle-livedata-core:2.8.7) with ExtractAarTransform
Transforming lifecycle-livedata-core-2.8.7.aar (androidx.lifecycle:lifecycle-livedata-core:2.8.7) with AarTransform
Transforming sqlite-framework-2.4.0.aar (androidx.sqlite:sqlite-framework:2.4.0) with ExtractAarTransform
Transforming sqlite-framework-2.4.0.aar (androidx.sqlite:sqlite-framework:2.4.0) with AarTransform
Transforming lifecycle-livedata-2.8.7.aar (androidx.lifecycle:lifecycle-livedata:2.8.7) with ExtractAarTransform
Transforming lifecycle-livedata-2.8.7.aar (androidx.lifecycle:lifecycle-livedata:2.8.7) with AarTransform
Transforming lifecycle-viewmodel-2.8.7.aar (androidx.lifecycle:lifecycle-viewmodel:2.8.7) with ExtractAarTransform
Transforming lifecycle-viewmodel-2.8.7.aar (androidx.lifecycle:lifecycle-viewmodel:2.8.7) with AarTransform
Transforming lifecycle-livedata-core-ktx-2.8.7.aar (androidx.lifecycle:lifecycle-livedata-core-ktx:2.8.7) with ExtractAarTransform
Transforming core-ktx-1.13.0.aar (androidx.core:core-ktx:1.13.0) with ExtractAarTransform
Transforming core-ktx-1.13.0.aar (androidx.core:core-ktx:1.13.0) with AarTransform
Transforming versionedparcelable-1.1.1.aar (androidx.versionedparcelable:versionedparcelable:1.1.1) with ExtractAarTransform
Transforming versionedparcelable-1.1.1.aar (androidx.versionedparcelable:versionedparcelable:1.1.1) with AarTransform
Transforming lifecycle-livedata-core-ktx-2.8.7.aar (androidx.lifecycle:lifecycle-livedata-core-ktx:2.8.7) with AarTransform
Transforming startup-runtime-1.1.1.aar (androidx.startup:startup-runtime:1.1.1) with ExtractAarTransform
Transforming startup-runtime-1.1.1.aar (androidx.startup:startup-runtime:1.1.1) with AarTransform
Transforming recyclerview-1.2.1.aar (androidx.recyclerview:recyclerview:1.2.1) with ExtractAarTransform
Transforming recyclerview-1.2.1.aar (androidx.recyclerview:recyclerview:1.2.1) with AarTransform
Transforming cursoradapter-1.0.0.aar (androidx.cursoradapter:cursoradapter:1.0.0) with ExtractAarTransform
Transforming cursoradapter-1.0.0.aar (androidx.cursoradapter:cursoradapter:1.0.0) with AarTransform
Transforming lifecycle-viewmodel-savedstate-2.8.7.aar (androidx.lifecycle:lifecycle-viewmodel-savedstate:2.8.7) with ExtractAarTransform
Transforming lifecycle-viewmodel-savedstate-2.8.7.aar (androidx.lifecycle:lifecycle-viewmodel-savedstate:2.8.7) with AarTransform
Transforming interpolator-1.0.0.aar (androidx.interpolator:interpolator:1.0.0) with ExtractAarTransform
Transforming interpolator-1.0.0.aar (androidx.interpolator:interpolator:1.0.0) with ExtractAarTransform
Transforming interpolator-1.0.0.aar (androidx.interpolator:interpolator:1.0.0) with AarTransform
Transforming interpolator-1.0.0.aar (androidx.interpolator:interpolator:1.0.0) with AarTransform
Transforming sqlite-2.4.0.aar (androidx.sqlite:sqlite:2.4.0) with ExtractAarTransform
Transforming sqlite-2.4.0.aar (androidx.sqlite:sqlite:2.4.0) with AarTransform
Transforming core-runtime-2.2.0.aar (androidx.arch.core:core-runtime:2.2.0) with ExtractAarTransform
Transforming core-runtime-2.2.0.aar (androidx.arch.core:core-runtime:2.2.0) with AarTransform
Transforming gifdecoder-4.16.0.aar (com.github.bumptech.glide:gifdecoder:4.16.0) with ExtractAarTransform
Transforming gifdecoder-4.16.0.aar (com.github.bumptech.glide:gifdecoder:4.16.0) with AarTransform
Transforming exifinterface-1.3.6.aar (androidx.exifinterface:exifinterface:1.3.6) with ExtractAarTransform
Transforming exifinterface-1.3.6.aar (androidx.exifinterface:exifinterface:1.3.6) with AarTransform
Transforming lifecycle-process-2.8.7.aar (androidx.lifecycle:lifecycle-process:2.8.7) with ExtractAarTransform
Transforming lifecycle-process-2.8.7.aar (androidx.lifecycle:lifecycle-process:2.8.7) with AarTransform
Transforming transition-1.5.0.aar (androidx.transition:transition:1.5.0) with ExtractAarTransform
Transforming transition-1.5.0.aar (androidx.transition:transition:1.5.0) with AarTransform
Transforming tracing-1.0.0.aar (androidx.tracing:tracing:1.0.0) with ExtractAarTransform
Transforming tracing-1.0.0.aar (androidx.tracing:tracing:1.0.0) with AarTransform
Transforming annotation-experimental-1.4.1.aar (androidx.annotation:annotation-experimental:1.4.1) with ExtractAarTransform
Transforming annotation-experimental-1.4.1.aar (androidx.annotation:annotation-experimental:1.4.1) with AarTransform
Transforming lifecycle-livedata-2.8.7.aar (androidx.lifecycle:lifecycle-livedata:2.8.7) with ExtractAarTransform
Transforming lifecycle-livedata-2.8.7.aar (androidx.lifecycle:lifecycle-livedata:2.8.7) with AarTransform
Caching disabled for task ':app:checkDebugAarMetadata' because:
  Build cache is disabled
  Caching has been disabled for the task
Skipping task ':app:checkDebugAarMetadata' as it is up-to-date.
Resolve mutations for :app:generateDebugResValues (Thread[#1059,Execution worker,5,main]) started.
:app:generateDebugResValues (Thread[#1059,Execution worker,5,main]) started.

> Task :app:generateDebugResValues UP-TO-DATE
Caching disabled for task ':app:generateDebugResValues' because:
  Build cache is disabled
Skipping task ':app:generateDebugResValues' as it is up-to-date.
Resolve mutations for :app:mapDebugSourceSetPaths (Thread[#1059,Execution worker,5,main]) started.
:app:mapDebugSourceSetPaths (Thread[#1059,Execution worker,5,main]) started.

> Task :app:mapDebugSourceSetPaths UP-TO-DATE
Transforming material-1.13.0.aar (com.google.android.material:material:1.13.0) with ExtractAarTransform
Transforming material-1.13.0.aar (com.google.android.material:material:1.13.0) with AarTransform
Transforming constraintlayout-2.2.0.aar (androidx.constraintlayout:constraintlayout:2.2.0) with ExtractAarTransform
Transforming constraintlayout-2.2.0.aar (androidx.constraintlayout:constraintlayout:2.2.0) with AarTransform
Transforming appcompat-resources-1.7.1.aar (androidx.appcompat:appcompat-resources:1.7.1) with ExtractAarTransform
Transforming appcompat-resources-1.7.1.aar (androidx.appcompat:appcompat-resources:1.7.1) with AarTransform
Transforming appcompat-1.7.1.aar (androidx.appcompat:appcompat:1.7.1) with ExtractAarTransform
Transforming appcompat-1.7.1.aar (androidx.appcompat:appcompat:1.7.1) with AarTransform
Transforming glide-4.16.0.aar (com.github.bumptech.glide:glide:4.16.0) with ExtractAarTransform
Transforming glide-4.16.0.aar (com.github.bumptech.glide:glide:4.16.0) with AarTransform
Transforming viewpager2-1.0.0.aar (androidx.viewpager2:viewpager2:1.0.0) with ExtractAarTransform
Transforming viewpager2-1.0.0.aar (androidx.viewpager2:viewpager2:1.0.0) with AarTransform
Transforming fragment-1.5.4.aar (androidx.fragment:fragment:1.5.4) with ExtractAarTransform
Transforming fragment-1.5.4.aar (androidx.fragment:fragment:1.5.4) with AarTransform
Transforming fragment-1.5.4.aar (androidx.fragment:fragment:1.5.4) with ExtractAarTransform
Transforming fragment-1.5.4.aar (androidx.fragment:fragment:1.5.4) with AarTransform
Transforming activity-1.9.3.aar (androidx.activity:activity:1.9.3) with ExtractAarTransform
Transforming activity-1.9.3.aar (androidx.activity:activity:1.9.3) with AarTransform
Transforming lifecycle-viewmodel-release.aar (androidx.lifecycle:lifecycle-viewmodel-android:2.8.7) with ExtractAarTransform
Transforming lifecycle-viewmodel-release.aar (androidx.lifecycle:lifecycle-viewmodel-android:2.8.7) with AarTransform
Transforming emoji2-views-helper-1.3.0.aar (androidx.emoji2:emoji2-views-helper:1.3.0) with ExtractAarTransform
Transforming emoji2-views-helper-1.3.0.aar (androidx.emoji2:emoji2-views-helper:1.3.0) with AarTransform
Transforming emoji2-1.3.0.aar (androidx.emoji2:emoji2:1.3.0) with ExtractAarTransform
Transforming emoji2-1.3.0.aar (androidx.emoji2:emoji2:1.3.0) with AarTransform
Transforming graphics-shapes-release.aar (androidx.graphics:graphics-shapes-android:1.0.1) with ExtractAarTransform
Transforming graphics-shapes-release.aar (androidx.graphics:graphics-shapes-android:1.0.1) with AarTransform
Transforming core-ktx-1.13.0.aar (androidx.core:core-ktx:1.13.0) with ExtractAarTransform
Transforming core-ktx-1.13.0.aar (androidx.core:core-ktx:1.13.0) with AarTransform
Transforming drawerlayout-1.1.1.aar (androidx.drawerlayout:drawerlayout:1.1.1) with ExtractAarTransform
Transforming drawerlayout-1.1.1.aar (androidx.drawerlayout:drawerlayout:1.1.1) with AarTransform
Transforming coordinatorlayout-1.1.0.aar (androidx.coordinatorlayout:coordinatorlayout:1.1.0) with ExtractAarTransform
Transforming coordinatorlayout-1.1.0.aar (androidx.coordinatorlayout:coordinatorlayout:1.1.0) with AarTransform
Transforming transition-1.5.0.aar (androidx.transition:transition:1.5.0) with ExtractAarTransform
Transforming transition-1.5.0.aar (androidx.transition:transition:1.5.0) with AarTransform
Transforming dynamicanimation-1.1.0.aar (androidx.dynamicanimation:dynamicanimation:1.1.0) with ExtractAarTransform
Transforming dynamicanimation-1.1.0.aar (androidx.dynamicanimation:dynamicanimation:1.1.0) with AarTransform
Transforming recyclerview-1.2.1.aar (androidx.recyclerview:recyclerview:1.2.1) with ExtractAarTransform
Transforming recyclerview-1.2.1.aar (androidx.recyclerview:recyclerview:1.2.1) with AarTransform
Transforming recyclerview-1.2.1.aar (androidx.recyclerview:recyclerview:1.2.1) with ExtractAarTransform
Transforming recyclerview-1.2.1.aar (androidx.recyclerview:recyclerview:1.2.1) with AarTransform
Transforming vectordrawable-animated-1.1.0.aar (androidx.vectordrawable:vectordrawable-animated:1.1.0) with ExtractAarTransform
Transforming vectordrawable-animated-1.1.0.aar (androidx.vectordrawable:vectordrawable-animated:1.1.0) with AarTransform
Transforming vectordrawable-1.1.0.aar (androidx.vectordrawable:vectordrawable:1.1.0) with ExtractAarTransform
Transforming vectordrawable-1.1.0.aar (androidx.vectordrawable:vectordrawable:1.1.0) with AarTransform
Transforming vectordrawable-1.1.0.aar (androidx.vectordrawable:vectordrawable:1.1.0) with ExtractAarTransform
Transforming vectordrawable-1.1.0.aar (androidx.vectordrawable:vectordrawable:1.1.0) with AarTransform
Transforming loader-1.0.0.aar (androidx.loader:loader:1.0.0) with ExtractAarTransform
Transforming loader-1.0.0.aar (androidx.loader:loader:1.0.0) with AarTransform
Transforming viewpager-1.0.0.aar (androidx.viewpager:viewpager:1.0.0) with ExtractAarTransform
Transforming viewpager-1.0.0.aar (androidx.viewpager:viewpager:1.0.0) with AarTransform
Transforming customview-1.1.0.aar (androidx.customview:customview:1.1.0) with ExtractAarTransform
Transforming customview-1.1.0.aar (androidx.customview:customview:1.1.0) with AarTransform
Transforming customview-1.1.0.aar (androidx.customview:customview:1.1.0) with ExtractAarTransform
Transforming customview-1.1.0.aar (androidx.customview:customview:1.1.0) with AarTransform
Transforming core-1.13.0.aar (androidx.core:core:1.13.0) with ExtractAarTransform
Transforming core-1.13.0.aar (androidx.core:core:1.13.0) with AarTransform
Transforming core-1.13.0.aar (androidx.core:core:1.13.0) with ExtractAarTransform
Transforming core-1.13.0.aar (androidx.core:core:1.13.0) with AarTransform
Transforming savedstate-1.2.1.aar (androidx.savedstate:savedstate:1.2.1) with ExtractAarTransform
Transforming savedstate-1.2.1.aar (androidx.savedstate:savedstate:1.2.1) with AarTransform
Transforming lifecycle-runtime-release.aar (androidx.lifecycle:lifecycle-runtime-android:2.8.7) with ExtractAarTransform
Transforming lifecycle-runtime-release.aar (androidx.lifecycle:lifecycle-runtime-android:2.8.7) with AarTransform
Transforming lifecycle-process-2.8.7.aar (androidx.lifecycle:lifecycle-process:2.8.7) with ExtractAarTransform
Transforming lifecycle-process-2.8.7.aar (androidx.lifecycle:lifecycle-process:2.8.7) with AarTransform
Transforming lifecycle-livedata-core-ktx-2.8.7.aar (androidx.lifecycle:lifecycle-livedata-core-ktx:2.8.7) with ExtractAarTransform
Transforming lifecycle-livedata-core-ktx-2.8.7.aar (androidx.lifecycle:lifecycle-livedata-core-ktx:2.8.7) with AarTransform
Transforming lifecycle-livedata-core-2.8.7.aar (androidx.lifecycle:lifecycle-livedata-core:2.8.7) with ExtractAarTransform
Transforming lifecycle-livedata-core-2.8.7.aar (androidx.lifecycle:lifecycle-livedata-core:2.8.7) with AarTransform
Transforming lifecycle-viewmodel-savedstate-2.8.7.aar (androidx.lifecycle:lifecycle-viewmodel-savedstate:2.8.7) with ExtractAarTransform
Transforming lifecycle-viewmodel-savedstate-2.8.7.aar (androidx.lifecycle:lifecycle-viewmodel-savedstate:2.8.7) with AarTransform
Transforming lifecycle-livedata-2.8.7.aar (androidx.lifecycle:lifecycle-livedata:2.8.7) with ExtractAarTransform
Transforming lifecycle-livedata-2.8.7.aar (androidx.lifecycle:lifecycle-livedata:2.8.7) with AarTransform
Transforming lifecycle-livedata-2.8.7.aar (androidx.lifecycle:lifecycle-livedata:2.8.7) with ExtractAarTransform
Transforming lifecycle-livedata-2.8.7.aar (androidx.lifecycle:lifecycle-livedata:2.8.7) with AarTransform
Transforming lifecycle-viewmodel-2.8.7.aar (androidx.lifecycle:lifecycle-viewmodel:2.8.7) with ExtractAarTransform
Transforming lifecycle-viewmodel-2.8.7.aar (androidx.lifecycle:lifecycle-viewmodel:2.8.7) with AarTransform
Transforming room-runtime-2.6.1.aar (androidx.room:room-runtime:2.6.1) with ExtractAarTransform
Transforming room-runtime-2.6.1.aar (androidx.room:room-runtime:2.6.1) with AarTransform
Transforming cursoradapter-1.0.0.aar (androidx.cursoradapter:cursoradapter:1.0.0) with ExtractAarTransform
Transforming cursoradapter-1.0.0.aar (androidx.cursoradapter:cursoradapter:1.0.0) with AarTransform
Transforming cardview-1.0.0.aar (androidx.cardview:cardview:1.0.0) with ExtractAarTransform
Transforming cardview-1.0.0.aar (androidx.cardview:cardview:1.0.0) with AarTransform
Transforming profileinstaller-1.4.0.aar (androidx.profileinstaller:profileinstaller:1.4.0) with ExtractAarTransform
Transforming profileinstaller-1.4.0.aar (androidx.profileinstaller:profileinstaller:1.4.0) with AarTransform
Transforming startup-runtime-1.1.1.aar (androidx.startup:startup-runtime:1.1.1) with ExtractAarTransform
Transforming startup-runtime-1.1.1.aar (androidx.startup:startup-runtime:1.1.1) with AarTransform
Transforming tracing-1.0.0.aar (androidx.tracing:tracing:1.0.0) with ExtractAarTransform
Transforming tracing-1.0.0.aar (androidx.tracing:tracing:1.0.0) with AarTransform
Transforming core-runtime-2.2.0.aar (androidx.arch.core:core-runtime:2.2.0) with ExtractAarTransform
Transforming core-runtime-2.2.0.aar (androidx.arch.core:core-runtime:2.2.0) with AarTransform
Transforming gifdecoder-4.16.0.aar (com.github.bumptech.glide:gifdecoder:4.16.0) with ExtractAarTransform
Transforming gifdecoder-4.16.0.aar (com.github.bumptech.glide:gifdecoder:4.16.0) with AarTransform
Transforming exifinterface-1.3.6.aar (androidx.exifinterface:exifinterface:1.3.6) with ExtractAarTransform
Transforming exifinterface-1.3.6.aar (androidx.exifinterface:exifinterface:1.3.6) with AarTransform
Transforming sqlite-framework-2.4.0.aar (androidx.sqlite:sqlite-framework:2.4.0) with ExtractAarTransform
Transforming sqlite-framework-2.4.0.aar (androidx.sqlite:sqlite-framework:2.4.0) with AarTransform
Transforming sqlite-2.4.0.aar (androidx.sqlite:sqlite:2.4.0) with ExtractAarTransform
Transforming sqlite-2.4.0.aar (androidx.sqlite:sqlite:2.4.0) with AarTransform
Transforming interpolator-1.0.0.aar (androidx.interpolator:interpolator:1.0.0) with ExtractAarTransform
Transforming interpolator-1.0.0.aar (androidx.interpolator:interpolator:1.0.0) with AarTransform
Transforming interpolator-1.0.0.aar (androidx.interpolator:interpolator:1.0.0) with ExtractAarTransform
Transforming interpolator-1.0.0.aar (androidx.interpolator:interpolator:1.0.0) with AarTransform
Transforming versionedparcelable-1.1.1.aar (androidx.versionedparcelable:versionedparcelable:1.1.1) with ExtractAarTransform
Transforming versionedparcelable-1.1.1.aar (androidx.versionedparcelable:versionedparcelable:1.1.1) with AarTransform
Transforming annotation-experimental-1.4.1.aar (androidx.annotation:annotation-experimental:1.4.1) with ExtractAarTransform
Transforming annotation-experimental-1.4.1.aar (androidx.annotation:annotation-experimental:1.4.1) with AarTransform
Caching disabled for task ':app:mapDebugSourceSetPaths' because:
  Build cache is disabled
  Caching has been disabled for the task
Skipping task ':app:mapDebugSourceSetPaths' as it is up-to-date.
Resolve mutations for :app:generateDebugResources (Thread[#1059,Execution worker,5,main]) started.
:app:generateDebugResources (Thread[#1059,Execution worker,5,main]) started.

> Task :app:generateDebugResources UP-TO-DATE
Caching disabled for task ':app:generateDebugResources' because:
  Build cache is disabled
Skipping task ':app:generateDebugResources' as it is up-to-date.
Resolve mutations for :app:mergeDebugResources (Thread[#1059,Execution worker,5,main]) started.
:app:mergeDebugResources (Thread[#1059,Execution worker,5,main]) started.

> Task :app:mergeDebugResources UP-TO-DATE
Caching disabled for task ':app:mergeDebugResources' because:
  Build cache is disabled
Skipping task ':app:mergeDebugResources' as it is up-to-date.
Resolve mutations for :app:packageDebugResources (Thread[#1059,Execution worker,5,main]) started.
:app:packageDebugResources (Thread[#1059,Execution worker,5,main]) started.

> Task :app:packageDebugResources UP-TO-DATE
Caching disabled for task ':app:packageDebugResources' because:
  Build cache is disabled
Skipping task ':app:packageDebugResources' as it is up-to-date.
Resolve mutations for :app:parseDebugLocalResources (Thread[#1059,Execution worker,5,main]) started.
:app:parseDebugLocalResources (Thread[#1059,Execution worker,5,main]) started.

> Task :app:parseDebugLocalResources UP-TO-DATE
Transforming android.jar with PlatformAttrTransform
Transforming android.jar with PlatformAttrTransform
Transforming android.jar with PlatformAttrTransform
Transforming android.jar with PlatformAttrTransform
Transforming android.jar with PlatformAttrTransform
Transforming android.jar with PlatformAttrTransform
Caching disabled for task ':app:parseDebugLocalResources' because:
  Build cache is disabled
Skipping task ':app:parseDebugLocalResources' as it is up-to-date.
Resolve mutations for :app:createDebugCompatibleScreenManifests (Thread[#1059,Execution worker,5,main]) started.
:app:createDebugCompatibleScreenManifests (Thread[#1065,Execution worker Thread 7,5,main]) started.

> Task :app:createDebugCompatibleScreenManifests UP-TO-DATE
Caching disabled for task ':app:createDebugCompatibleScreenManifests' because:
  Build cache is disabled
  Caching has been disabled for the task
Skipping task ':app:createDebugCompatibleScreenManifests' as it is up-to-date.
Resolve mutations for :app:extractDeepLinksDebug (Thread[#1065,Execution worker Thread 7,5,main]) started.
:app:extractDeepLinksDebug (Thread[#1065,Execution worker Thread 7,5,main]) started.

> Task :app:extractDeepLinksDebug UP-TO-DATE
Caching disabled for task ':app:extractDeepLinksDebug' because:
  Build cache is disabled
Skipping task ':app:extractDeepLinksDebug' as it is up-to-date.
Resolve mutations for :app:processDebugMainManifest (Thread[#1065,Execution worker Thread 7,5,main]) started.
:app:processDebugMainManifest (Thread[#1065,Execution worker Thread 7,5,main]) started.

> Task :app:processDebugMainManifest UP-TO-DATE
Transforming material-1.13.0.aar (com.google.android.material:material:1.13.0) with ExtractAarTransform
Transforming material-1.13.0.aar (com.google.android.material:material:1.13.0) with AarTransform
Transforming constraintlayout-2.2.0.aar (androidx.constraintlayout:constraintlayout:2.2.0) with ExtractAarTransform
Transforming constraintlayout-2.2.0.aar (androidx.constraintlayout:constraintlayout:2.2.0) with AarTransform
Transforming appcompat-resources-1.7.1.aar (androidx.appcompat:appcompat-resources:1.7.1) with ExtractAarTransform
Transforming appcompat-resources-1.7.1.aar (androidx.appcompat:appcompat-resources:1.7.1) with AarTransform
Transforming appcompat-1.7.1.aar (androidx.appcompat:appcompat:1.7.1) with ExtractAarTransform
Transforming appcompat-1.7.1.aar (androidx.appcompat:appcompat:1.7.1) with AarTransform
Transforming glide-4.16.0.aar (com.github.bumptech.glide:glide:4.16.0) with ExtractAarTransform
Transforming glide-4.16.0.aar (com.github.bumptech.glide:glide:4.16.0) with AarTransform
Transforming viewpager2-1.0.0.aar (androidx.viewpager2:viewpager2:1.0.0) with ExtractAarTransform
Transforming viewpager2-1.0.0.aar (androidx.viewpager2:viewpager2:1.0.0) with AarTransform
Transforming fragment-1.5.4.aar (androidx.fragment:fragment:1.5.4) with ExtractAarTransform
Transforming fragment-1.5.4.aar (androidx.fragment:fragment:1.5.4) with AarTransform
Transforming fragment-1.5.4.aar (androidx.fragment:fragment:1.5.4) with ExtractAarTransform
Transforming fragment-1.5.4.aar (androidx.fragment:fragment:1.5.4) with AarTransform
Transforming activity-1.9.3.aar (androidx.activity:activity:1.9.3) with ExtractAarTransform
Transforming activity-1.9.3.aar (androidx.activity:activity:1.9.3) with AarTransform
Transforming lifecycle-viewmodel-release.aar (androidx.lifecycle:lifecycle-viewmodel-android:2.8.7) with ExtractAarTransform
Transforming lifecycle-viewmodel-release.aar (androidx.lifecycle:lifecycle-viewmodel-android:2.8.7) with AarTransform
Transforming emoji2-views-helper-1.3.0.aar (androidx.emoji2:emoji2-views-helper:1.3.0) with ExtractAarTransform
Transforming emoji2-views-helper-1.3.0.aar (androidx.emoji2:emoji2-views-helper:1.3.0) with AarTransform
Transforming emoji2-1.3.0.aar (androidx.emoji2:emoji2:1.3.0) with ExtractAarTransform
Transforming emoji2-1.3.0.aar (androidx.emoji2:emoji2:1.3.0) with AarTransform
Transforming graphics-shapes-release.aar (androidx.graphics:graphics-shapes-android:1.0.1) with ExtractAarTransform
Transforming graphics-shapes-release.aar (androidx.graphics:graphics-shapes-android:1.0.1) with AarTransform
Transforming core-ktx-1.13.0.aar (androidx.core:core-ktx:1.13.0) with ExtractAarTransform
Transforming core-ktx-1.13.0.aar (androidx.core:core-ktx:1.13.0) with AarTransform
Transforming drawerlayout-1.1.1.aar (androidx.drawerlayout:drawerlayout:1.1.1) with ExtractAarTransform
Transforming drawerlayout-1.1.1.aar (androidx.drawerlayout:drawerlayout:1.1.1) with AarTransform
Transforming coordinatorlayout-1.1.0.aar (androidx.coordinatorlayout:coordinatorlayout:1.1.0) with ExtractAarTransform
Transforming coordinatorlayout-1.1.0.aar (androidx.coordinatorlayout:coordinatorlayout:1.1.0) with AarTransform
Transforming transition-1.5.0.aar (androidx.transition:transition:1.5.0) with ExtractAarTransform
Transforming transition-1.5.0.aar (androidx.transition:transition:1.5.0) with AarTransform
Transforming dynamicanimation-1.1.0.aar (androidx.dynamicanimation:dynamicanimation:1.1.0) with ExtractAarTransform
Transforming dynamicanimation-1.1.0.aar (androidx.dynamicanimation:dynamicanimation:1.1.0) with AarTransform
Transforming recyclerview-1.2.1.aar (androidx.recyclerview:recyclerview:1.2.1) with ExtractAarTransform
Transforming recyclerview-1.2.1.aar (androidx.recyclerview:recyclerview:1.2.1) with AarTransform
Transforming recyclerview-1.2.1.aar (androidx.recyclerview:recyclerview:1.2.1) with ExtractAarTransform
Transforming recyclerview-1.2.1.aar (androidx.recyclerview:recyclerview:1.2.1) with AarTransform
Transforming vectordrawable-animated-1.1.0.aar (androidx.vectordrawable:vectordrawable-animated:1.1.0) with ExtractAarTransform
Transforming vectordrawable-animated-1.1.0.aar (androidx.vectordrawable:vectordrawable-animated:1.1.0) with AarTransform
Transforming vectordrawable-1.1.0.aar (androidx.vectordrawable:vectordrawable:1.1.0) with ExtractAarTransform
Transforming vectordrawable-1.1.0.aar (androidx.vectordrawable:vectordrawable:1.1.0) with AarTransform
Transforming vectordrawable-1.1.0.aar (androidx.vectordrawable:vectordrawable:1.1.0) with ExtractAarTransform
Transforming vectordrawable-1.1.0.aar (androidx.vectordrawable:vectordrawable:1.1.0) with AarTransform
Transforming loader-1.0.0.aar (androidx.loader:loader:1.0.0) with ExtractAarTransform
Transforming loader-1.0.0.aar (androidx.loader:loader:1.0.0) with AarTransform
Transforming viewpager-1.0.0.aar (androidx.viewpager:viewpager:1.0.0) with ExtractAarTransform
Transforming viewpager-1.0.0.aar (androidx.viewpager:viewpager:1.0.0) with AarTransform
Transforming customview-1.1.0.aar (androidx.customview:customview:1.1.0) with ExtractAarTransform
Transforming customview-1.1.0.aar (androidx.customview:customview:1.1.0) with AarTransform
Transforming customview-1.1.0.aar (androidx.customview:customview:1.1.0) with ExtractAarTransform
Transforming customview-1.1.0.aar (androidx.customview:customview:1.1.0) with AarTransform
Transforming core-1.13.0.aar (androidx.core:core:1.13.0) with ExtractAarTransform
Transforming core-1.13.0.aar (androidx.core:core:1.13.0) with AarTransform
Transforming core-1.13.0.aar (androidx.core:core:1.13.0) with ExtractAarTransform
Transforming core-1.13.0.aar (androidx.core:core:1.13.0) with AarTransform
Transforming savedstate-1.2.1.aar (androidx.savedstate:savedstate:1.2.1) with ExtractAarTransform
Transforming savedstate-1.2.1.aar (androidx.savedstate:savedstate:1.2.1) with AarTransform
Transforming lifecycle-runtime-release.aar (androidx.lifecycle:lifecycle-runtime-android:2.8.7) with ExtractAarTransform
Transforming lifecycle-runtime-release.aar (androidx.lifecycle:lifecycle-runtime-android:2.8.7) with AarTransform
Transforming lifecycle-process-2.8.7.aar (androidx.lifecycle:lifecycle-process:2.8.7) with ExtractAarTransform
Transforming lifecycle-process-2.8.7.aar (androidx.lifecycle:lifecycle-process:2.8.7) with AarTransform
Transforming lifecycle-livedata-core-ktx-2.8.7.aar (androidx.lifecycle:lifecycle-livedata-core-ktx:2.8.7) with ExtractAarTransform
Transforming lifecycle-livedata-core-ktx-2.8.7.aar (androidx.lifecycle:lifecycle-livedata-core-ktx:2.8.7) with AarTransform
Transforming lifecycle-livedata-core-2.8.7.aar (androidx.lifecycle:lifecycle-livedata-core:2.8.7) with ExtractAarTransform
Transforming lifecycle-livedata-core-2.8.7.aar (androidx.lifecycle:lifecycle-livedata-core:2.8.7) with AarTransform
Transforming lifecycle-viewmodel-savedstate-2.8.7.aar (androidx.lifecycle:lifecycle-viewmodel-savedstate:2.8.7) with ExtractAarTransform
Transforming lifecycle-viewmodel-savedstate-2.8.7.aar (androidx.lifecycle:lifecycle-viewmodel-savedstate:2.8.7) with AarTransform
Transforming lifecycle-livedata-2.8.7.aar (androidx.lifecycle:lifecycle-livedata:2.8.7) with ExtractAarTransform
Transforming lifecycle-livedata-2.8.7.aar (androidx.lifecycle:lifecycle-livedata:2.8.7) with AarTransform
Transforming lifecycle-livedata-2.8.7.aar (androidx.lifecycle:lifecycle-livedata:2.8.7) with ExtractAarTransform
Transforming lifecycle-livedata-2.8.7.aar (androidx.lifecycle:lifecycle-livedata:2.8.7) with AarTransform
Transforming lifecycle-viewmodel-2.8.7.aar (androidx.lifecycle:lifecycle-viewmodel:2.8.7) with ExtractAarTransform
Transforming lifecycle-viewmodel-2.8.7.aar (androidx.lifecycle:lifecycle-viewmodel:2.8.7) with AarTransform
Transforming room-runtime-2.6.1.aar (androidx.room:room-runtime:2.6.1) with ExtractAarTransform
Transforming room-runtime-2.6.1.aar (androidx.room:room-runtime:2.6.1) with AarTransform
Transforming cursoradapter-1.0.0.aar (androidx.cursoradapter:cursoradapter:1.0.0) with ExtractAarTransform
Transforming cursoradapter-1.0.0.aar (androidx.cursoradapter:cursoradapter:1.0.0) with AarTransform
Transforming cardview-1.0.0.aar (androidx.cardview:cardview:1.0.0) with ExtractAarTransform
Transforming cardview-1.0.0.aar (androidx.cardview:cardview:1.0.0) with AarTransform
Transforming profileinstaller-1.4.0.aar (androidx.profileinstaller:profileinstaller:1.4.0) with ExtractAarTransform
Transforming profileinstaller-1.4.0.aar (androidx.profileinstaller:profileinstaller:1.4.0) with AarTransform
Transforming startup-runtime-1.1.1.aar (androidx.startup:startup-runtime:1.1.1) with ExtractAarTransform
Transforming startup-runtime-1.1.1.aar (androidx.startup:startup-runtime:1.1.1) with AarTransform
Transforming tracing-1.0.0.aar (androidx.tracing:tracing:1.0.0) with ExtractAarTransform
Transforming tracing-1.0.0.aar (androidx.tracing:tracing:1.0.0) with AarTransform
Transforming core-runtime-2.2.0.aar (androidx.arch.core:core-runtime:2.2.0) with ExtractAarTransform
Transforming core-runtime-2.2.0.aar (androidx.arch.core:core-runtime:2.2.0) with AarTransform
Transforming gifdecoder-4.16.0.aar (com.github.bumptech.glide:gifdecoder:4.16.0) with ExtractAarTransform
Transforming gifdecoder-4.16.0.aar (com.github.bumptech.glide:gifdecoder:4.16.0) with AarTransform
Transforming exifinterface-1.3.6.aar (androidx.exifinterface:exifinterface:1.3.6) with ExtractAarTransform
Transforming exifinterface-1.3.6.aar (androidx.exifinterface:exifinterface:1.3.6) with AarTransform
Transforming sqlite-framework-2.4.0.aar (androidx.sqlite:sqlite-framework:2.4.0) with ExtractAarTransform
Transforming sqlite-framework-2.4.0.aar (androidx.sqlite:sqlite-framework:2.4.0) with AarTransform
Transforming sqlite-2.4.0.aar (androidx.sqlite:sqlite:2.4.0) with ExtractAarTransform
Transforming sqlite-2.4.0.aar (androidx.sqlite:sqlite:2.4.0) with AarTransform
Transforming interpolator-1.0.0.aar (androidx.interpolator:interpolator:1.0.0) with ExtractAarTransform
Transforming interpolator-1.0.0.aar (androidx.interpolator:interpolator:1.0.0) with AarTransform
Transforming interpolator-1.0.0.aar (androidx.interpolator:interpolator:1.0.0) with ExtractAarTransform
Transforming interpolator-1.0.0.aar (androidx.interpolator:interpolator:1.0.0) with AarTransform
Transforming versionedparcelable-1.1.1.aar (androidx.versionedparcelable:versionedparcelable:1.1.1) with ExtractAarTransform
Transforming versionedparcelable-1.1.1.aar (androidx.versionedparcelable:versionedparcelable:1.1.1) with AarTransform
Transforming annotation-experimental-1.4.1.aar (androidx.annotation:annotation-experimental:1.4.1) with ExtractAarTransform
Transforming annotation-experimental-1.4.1.aar (androidx.annotation:annotation-experimental:1.4.1) with AarTransform
Transforming material-1.13.0.aar (com.google.android.material:material:1.13.0) with ExtractAarTransform
Transforming material-1.13.0.aar (com.google.android.material:material:1.13.0) with AarTransform
Transforming constraintlayout-2.2.0.aar (androidx.constraintlayout:constraintlayout:2.2.0) with ExtractAarTransform
Transforming constraintlayout-2.2.0.aar (androidx.constraintlayout:constraintlayout:2.2.0) with AarTransform
Transforming appcompat-resources-1.7.1.aar (androidx.appcompat:appcompat-resources:1.7.1) with ExtractAarTransform
Transforming appcompat-resources-1.7.1.aar (androidx.appcompat:appcompat-resources:1.7.1) with AarTransform
Transforming appcompat-1.7.1.aar (androidx.appcompat:appcompat:1.7.1) with ExtractAarTransform
Transforming appcompat-1.7.1.aar (androidx.appcompat:appcompat:1.7.1) with AarTransform
Transforming glide-4.16.0.aar (com.github.bumptech.glide:glide:4.16.0) with ExtractAarTransform
Transforming glide-4.16.0.aar (com.github.bumptech.glide:glide:4.16.0) with AarTransform
Transforming viewpager2-1.0.0.aar (androidx.viewpager2:viewpager2:1.0.0) with ExtractAarTransform
Transforming viewpager2-1.0.0.aar (androidx.viewpager2:viewpager2:1.0.0) with AarTransform
Transforming fragment-1.5.4.aar (androidx.fragment:fragment:1.5.4) with ExtractAarTransform
Transforming fragment-1.5.4.aar (androidx.fragment:fragment:1.5.4) with AarTransform
Transforming fragment-1.5.4.aar (androidx.fragment:fragment:1.5.4) with ExtractAarTransform
Transforming fragment-1.5.4.aar (androidx.fragment:fragment:1.5.4) with AarTransform
Transforming activity-1.9.3.aar (androidx.activity:activity:1.9.3) with ExtractAarTransform
Transforming activity-1.9.3.aar (androidx.activity:activity:1.9.3) with AarTransform
Transforming lifecycle-viewmodel-release.aar (androidx.lifecycle:lifecycle-viewmodel-android:2.8.7) with ExtractAarTransform
Transforming lifecycle-viewmodel-release.aar (androidx.lifecycle:lifecycle-viewmodel-android:2.8.7) with AarTransform
Transforming emoji2-views-helper-1.3.0.aar (androidx.emoji2:emoji2-views-helper:1.3.0) with ExtractAarTransform
Transforming emoji2-views-helper-1.3.0.aar (androidx.emoji2:emoji2-views-helper:1.3.0) with AarTransform
Transforming emoji2-1.3.0.aar (androidx.emoji2:emoji2:1.3.0) with ExtractAarTransform
Transforming emoji2-1.3.0.aar (androidx.emoji2:emoji2:1.3.0) with AarTransform
Transforming graphics-shapes-release.aar (androidx.graphics:graphics-shapes-android:1.0.1) with ExtractAarTransform
Transforming graphics-shapes-release.aar (androidx.graphics:graphics-shapes-android:1.0.1) with AarTransform
Transforming core-ktx-1.13.0.aar (androidx.core:core-ktx:1.13.0) with ExtractAarTransform
Transforming core-ktx-1.13.0.aar (androidx.core:core-ktx:1.13.0) with AarTransform
Transforming drawerlayout-1.1.1.aar (androidx.drawerlayout:drawerlayout:1.1.1) with ExtractAarTransform
Transforming drawerlayout-1.1.1.aar (androidx.drawerlayout:drawerlayout:1.1.1) with AarTransform
Transforming coordinatorlayout-1.1.0.aar (androidx.coordinatorlayout:coordinatorlayout:1.1.0) with ExtractAarTransform
Transforming coordinatorlayout-1.1.0.aar (androidx.coordinatorlayout:coordinatorlayout:1.1.0) with AarTransform
Transforming transition-1.5.0.aar (androidx.transition:transition:1.5.0) with ExtractAarTransform
Transforming transition-1.5.0.aar (androidx.transition:transition:1.5.0) with AarTransform
Transforming dynamicanimation-1.1.0.aar (androidx.dynamicanimation:dynamicanimation:1.1.0) with ExtractAarTransform
Transforming dynamicanimation-1.1.0.aar (androidx.dynamicanimation:dynamicanimation:1.1.0) with AarTransform
Transforming recyclerview-1.2.1.aar (androidx.recyclerview:recyclerview:1.2.1) with ExtractAarTransform
Transforming recyclerview-1.2.1.aar (androidx.recyclerview:recyclerview:1.2.1) with AarTransform
Transforming recyclerview-1.2.1.aar (androidx.recyclerview:recyclerview:1.2.1) with ExtractAarTransform
Transforming recyclerview-1.2.1.aar (androidx.recyclerview:recyclerview:1.2.1) with AarTransform
Transforming vectordrawable-animated-1.1.0.aar (androidx.vectordrawable:vectordrawable-animated:1.1.0) with ExtractAarTransform
Transforming vectordrawable-animated-1.1.0.aar (androidx.vectordrawable:vectordrawable-animated:1.1.0) with AarTransform
Transforming vectordrawable-1.1.0.aar (androidx.vectordrawable:vectordrawable:1.1.0) with ExtractAarTransform
Transforming vectordrawable-1.1.0.aar (androidx.vectordrawable:vectordrawable:1.1.0) with AarTransform
Transforming vectordrawable-1.1.0.aar (androidx.vectordrawable:vectordrawable:1.1.0) with ExtractAarTransform
Transforming vectordrawable-1.1.0.aar (androidx.vectordrawable:vectordrawable:1.1.0) with AarTransform
Transforming loader-1.0.0.aar (androidx.loader:loader:1.0.0) with ExtractAarTransform
Transforming loader-1.0.0.aar (androidx.loader:loader:1.0.0) with AarTransform
Transforming viewpager-1.0.0.aar (androidx.viewpager:viewpager:1.0.0) with ExtractAarTransform
Transforming viewpager-1.0.0.aar (androidx.viewpager:viewpager:1.0.0) with AarTransform
Transforming customview-1.1.0.aar (androidx.customview:customview:1.1.0) with ExtractAarTransform
Transforming customview-1.1.0.aar (androidx.customview:customview:1.1.0) with AarTransform
Transforming customview-1.1.0.aar (androidx.customview:customview:1.1.0) with ExtractAarTransform
Transforming customview-1.1.0.aar (androidx.customview:customview:1.1.0) with AarTransform
Transforming core-1.13.0.aar (androidx.core:core:1.13.0) with ExtractAarTransform
Transforming core-1.13.0.aar (androidx.core:core:1.13.0) with AarTransform
Transforming core-1.13.0.aar (androidx.core:core:1.13.0) with ExtractAarTransform
Transforming core-1.13.0.aar (androidx.core:core:1.13.0) with AarTransform
Transforming savedstate-1.2.1.aar (androidx.savedstate:savedstate:1.2.1) with ExtractAarTransform
Transforming savedstate-1.2.1.aar (androidx.savedstate:savedstate:1.2.1) with AarTransform
Transforming lifecycle-runtime-release.aar (androidx.lifecycle:lifecycle-runtime-android:2.8.7) with ExtractAarTransform
Transforming lifecycle-runtime-release.aar (androidx.lifecycle:lifecycle-runtime-android:2.8.7) with AarTransform
Transforming lifecycle-process-2.8.7.aar (androidx.lifecycle:lifecycle-process:2.8.7) with ExtractAarTransform
Transforming lifecycle-process-2.8.7.aar (androidx.lifecycle:lifecycle-process:2.8.7) with AarTransform
Transforming lifecycle-livedata-core-ktx-2.8.7.aar (androidx.lifecycle:lifecycle-livedata-core-ktx:2.8.7) with ExtractAarTransform
Transforming lifecycle-livedata-core-ktx-2.8.7.aar (androidx.lifecycle:lifecycle-livedata-core-ktx:2.8.7) with AarTransform
Transforming lifecycle-livedata-core-2.8.7.aar (androidx.lifecycle:lifecycle-livedata-core:2.8.7) with ExtractAarTransform
Transforming lifecycle-livedata-core-2.8.7.aar (androidx.lifecycle:lifecycle-livedata-core:2.8.7) with AarTransform
Transforming lifecycle-viewmodel-savedstate-2.8.7.aar (androidx.lifecycle:lifecycle-viewmodel-savedstate:2.8.7) with ExtractAarTransform
Transforming lifecycle-viewmodel-savedstate-2.8.7.aar (androidx.lifecycle:lifecycle-viewmodel-savedstate:2.8.7) with AarTransform
Transforming lifecycle-livedata-2.8.7.aar (androidx.lifecycle:lifecycle-livedata:2.8.7) with ExtractAarTransform
Transforming lifecycle-livedata-2.8.7.aar (androidx.lifecycle:lifecycle-livedata:2.8.7) with AarTransform
Transforming lifecycle-livedata-2.8.7.aar (androidx.lifecycle:lifecycle-livedata:2.8.7) with ExtractAarTransform
Transforming lifecycle-livedata-2.8.7.aar (androidx.lifecycle:lifecycle-livedata:2.8.7) with AarTransform
Transforming lifecycle-viewmodel-2.8.7.aar (androidx.lifecycle:lifecycle-viewmodel:2.8.7) with ExtractAarTransform
Transforming lifecycle-viewmodel-2.8.7.aar (androidx.lifecycle:lifecycle-viewmodel:2.8.7) with AarTransform
Transforming room-runtime-2.6.1.aar (androidx.room:room-runtime:2.6.1) with ExtractAarTransform
Transforming room-runtime-2.6.1.aar (androidx.room:room-runtime:2.6.1) with AarTransform
Transforming cursoradapter-1.0.0.aar (androidx.cursoradapter:cursoradapter:1.0.0) with ExtractAarTransform
Transforming cursoradapter-1.0.0.aar (androidx.cursoradapter:cursoradapter:1.0.0) with AarTransform
Transforming cardview-1.0.0.aar (androidx.cardview:cardview:1.0.0) with ExtractAarTransform
Transforming cardview-1.0.0.aar (androidx.cardview:cardview:1.0.0) with AarTransform
Transforming profileinstaller-1.4.0.aar (androidx.profileinstaller:profileinstaller:1.4.0) with ExtractAarTransform
Transforming profileinstaller-1.4.0.aar (androidx.profileinstaller:profileinstaller:1.4.0) with AarTransform
Transforming startup-runtime-1.1.1.aar (androidx.startup:startup-runtime:1.1.1) with ExtractAarTransform
Transforming startup-runtime-1.1.1.aar (androidx.startup:startup-runtime:1.1.1) with AarTransform
Transforming tracing-1.0.0.aar (androidx.tracing:tracing:1.0.0) with ExtractAarTransform
Transforming tracing-1.0.0.aar (androidx.tracing:tracing:1.0.0) with AarTransform
Transforming core-runtime-2.2.0.aar (androidx.arch.core:core-runtime:2.2.0) with ExtractAarTransform
Transforming core-runtime-2.2.0.aar (androidx.arch.core:core-runtime:2.2.0) with AarTransform
Transforming gifdecoder-4.16.0.aar (com.github.bumptech.glide:gifdecoder:4.16.0) with ExtractAarTransform
Transforming gifdecoder-4.16.0.aar (com.github.bumptech.glide:gifdecoder:4.16.0) with AarTransform
Transforming exifinterface-1.3.6.aar (androidx.exifinterface:exifinterface:1.3.6) with ExtractAarTransform
Transforming exifinterface-1.3.6.aar (androidx.exifinterface:exifinterface:1.3.6) with AarTransform
Transforming sqlite-framework-2.4.0.aar (androidx.sqlite:sqlite-framework:2.4.0) with ExtractAarTransform
Transforming sqlite-framework-2.4.0.aar (androidx.sqlite:sqlite-framework:2.4.0) with AarTransform
Transforming sqlite-2.4.0.aar (androidx.sqlite:sqlite:2.4.0) with ExtractAarTransform
Transforming sqlite-2.4.0.aar (androidx.sqlite:sqlite:2.4.0) with AarTransform
Transforming interpolator-1.0.0.aar (androidx.interpolator:interpolator:1.0.0) with ExtractAarTransform
Transforming interpolator-1.0.0.aar (androidx.interpolator:interpolator:1.0.0) with AarTransform
Transforming interpolator-1.0.0.aar (androidx.interpolator:interpolator:1.0.0) with ExtractAarTransform
Transforming interpolator-1.0.0.aar (androidx.interpolator:interpolator:1.0.0) with AarTransform
Transforming versionedparcelable-1.1.1.aar (androidx.versionedparcelable:versionedparcelable:1.1.1) with ExtractAarTransform
Transforming versionedparcelable-1.1.1.aar (androidx.versionedparcelable:versionedparcelable:1.1.1) with AarTransform
Transforming annotation-experimental-1.4.1.aar (androidx.annotation:annotation-experimental:1.4.1) with ExtractAarTransform
Transforming annotation-experimental-1.4.1.aar (androidx.annotation:annotation-experimental:1.4.1) with AarTransform
Caching disabled for task ':app:processDebugMainManifest' because:
  Build cache is disabled
Skipping task ':app:processDebugMainManifest' as it is up-to-date.
Resolve mutations for :app:processDebugManifest (Thread[#1065,Execution worker Thread 7,5,main]) started.
:app:processDebugManifest (Thread[#1065,Execution worker Thread 7,5,main]) started.

> Task :app:processDebugManifest UP-TO-DATE
Caching disabled for task ':app:processDebugManifest' because:
  Build cache is disabled
Skipping task ':app:processDebugManifest' as it is up-to-date.
Resolve mutations for :app:processDebugManifestForPackage (Thread[#1065,Execution worker Thread 7,5,main]) started.
:app:processDebugManifestForPackage (Thread[#1070,Execution worker Thread 11,5,main]) started.

> Task :app:processDebugManifestForPackage UP-TO-DATE
Custom actions are attached to task ':app:processDebugManifestForPackage'.
Caching disabled for task ':app:processDebugManifestForPackage' because:
  Build cache is disabled
Skipping task ':app:processDebugManifestForPackage' as it is up-to-date.
Resolve mutations for :app:processDebugResources (Thread[#1070,Execution worker Thread 11,5,main]) started.
:app:processDebugResources (Thread[#1070,Execution worker Thread 11,5,main]) started.

> Task :app:processDebugResources FAILED
Transforming aapt2-8.9.0-12782657-windows.jar (com.android.tools.build:aapt2:8.9.0-12782657) with Aapt2Extractor
Transforming material-1.13.0.aar (com.google.android.material:material:1.13.0) with ExtractAarTransform
Transforming material-1.13.0.aar (com.google.android.material:material:1.13.0) with AarResourcesCompilerTransform
Transforming constraintlayout-2.2.0.aar (androidx.constraintlayout:constraintlayout:2.2.0) with ExtractAarTransform
Transforming constraintlayout-2.2.0.aar (androidx.constraintlayout:constraintlayout:2.2.0) with AarResourcesCompilerTransform
Transforming appcompat-resources-1.7.1.aar (androidx.appcompat:appcompat-resources:1.7.1) with ExtractAarTransform
Transforming appcompat-resources-1.7.1.aar (androidx.appcompat:appcompat-resources:1.7.1) with AarResourcesCompilerTransform
Transforming appcompat-1.7.1.aar (androidx.appcompat:appcompat:1.7.1) with ExtractAarTransform
Transforming appcompat-1.7.1.aar (androidx.appcompat:appcompat:1.7.1) with AarResourcesCompilerTransform
Transforming glide-4.16.0.aar (com.github.bumptech.glide:glide:4.16.0) with ExtractAarTransform
Transforming glide-4.16.0.aar (com.github.bumptech.glide:glide:4.16.0) with AarResourcesCompilerTransform
Transforming viewpager2-1.0.0.aar (androidx.viewpager2:viewpager2:1.0.0) with ExtractAarTransform
Transforming viewpager2-1.0.0.aar (androidx.viewpager2:viewpager2:1.0.0) with AarResourcesCompilerTransform
Transforming fragment-1.5.4.aar (androidx.fragment:fragment:1.5.4) with ExtractAarTransform
Transforming fragment-1.5.4.aar (androidx.fragment:fragment:1.5.4) with AarResourcesCompilerTransform
Transforming fragment-1.5.4.aar (androidx.fragment:fragment:1.5.4) with ExtractAarTransform
Transforming fragment-1.5.4.aar (androidx.fragment:fragment:1.5.4) with AarResourcesCompilerTransform
Transforming activity-1.9.3.aar (androidx.activity:activity:1.9.3) with ExtractAarTransform
Transforming activity-1.9.3.aar (androidx.activity:activity:1.9.3) with AarResourcesCompilerTransform
Transforming lifecycle-viewmodel-release.aar (androidx.lifecycle:lifecycle-viewmodel-android:2.8.7) with ExtractAarTransform
Transforming lifecycle-viewmodel-release.aar (androidx.lifecycle:lifecycle-viewmodel-android:2.8.7) with AarResourcesCompilerTransform
Transforming emoji2-views-helper-1.3.0.aar (androidx.emoji2:emoji2-views-helper:1.3.0) with ExtractAarTransform
Transforming emoji2-views-helper-1.3.0.aar (androidx.emoji2:emoji2-views-helper:1.3.0) with AarResourcesCompilerTransform
Transforming emoji2-1.3.0.aar (androidx.emoji2:emoji2:1.3.0) with ExtractAarTransform
Transforming emoji2-1.3.0.aar (androidx.emoji2:emoji2:1.3.0) with AarResourcesCompilerTransform
Transforming graphics-shapes-release.aar (androidx.graphics:graphics-shapes-android:1.0.1) with ExtractAarTransform
Transforming graphics-shapes-release.aar (androidx.graphics:graphics-shapes-android:1.0.1) with AarResourcesCompilerTransform
Transforming core-ktx-1.13.0.aar (androidx.core:core-ktx:1.13.0) with ExtractAarTransform
Transforming core-ktx-1.13.0.aar (androidx.core:core-ktx:1.13.0) with AarResourcesCompilerTransform
Transforming drawerlayout-1.1.1.aar (androidx.drawerlayout:drawerlayout:1.1.1) with ExtractAarTransform
Transforming drawerlayout-1.1.1.aar (androidx.drawerlayout:drawerlayout:1.1.1) with AarResourcesCompilerTransform
Transforming coordinatorlayout-1.1.0.aar (androidx.coordinatorlayout:coordinatorlayout:1.1.0) with ExtractAarTransform
Transforming coordinatorlayout-1.1.0.aar (androidx.coordinatorlayout:coordinatorlayout:1.1.0) with AarResourcesCompilerTransform
Transforming transition-1.5.0.aar (androidx.transition:transition:1.5.0) with ExtractAarTransform
Transforming transition-1.5.0.aar (androidx.transition:transition:1.5.0) with AarResourcesCompilerTransform
Transforming dynamicanimation-1.1.0.aar (androidx.dynamicanimation:dynamicanimation:1.1.0) with ExtractAarTransform
Transforming dynamicanimation-1.1.0.aar (androidx.dynamicanimation:dynamicanimation:1.1.0) with AarResourcesCompilerTransform
Transforming recyclerview-1.2.1.aar (androidx.recyclerview:recyclerview:1.2.1) with ExtractAarTransform
Transforming recyclerview-1.2.1.aar (androidx.recyclerview:recyclerview:1.2.1) with AarResourcesCompilerTransform
Transforming recyclerview-1.2.1.aar (androidx.recyclerview:recyclerview:1.2.1) with ExtractAarTransform
Transforming recyclerview-1.2.1.aar (androidx.recyclerview:recyclerview:1.2.1) with AarResourcesCompilerTransform
Transforming vectordrawable-animated-1.1.0.aar (androidx.vectordrawable:vectordrawable-animated:1.1.0) with ExtractAarTransform
Transforming vectordrawable-animated-1.1.0.aar (androidx.vectordrawable:vectordrawable-animated:1.1.0) with AarResourcesCompilerTransform
Transforming vectordrawable-1.1.0.aar (androidx.vectordrawable:vectordrawable:1.1.0) with ExtractAarTransform
Transforming vectordrawable-1.1.0.aar (androidx.vectordrawable:vectordrawable:1.1.0) with AarResourcesCompilerTransform
Transforming vectordrawable-1.1.0.aar (androidx.vectordrawable:vectordrawable:1.1.0) with ExtractAarTransform
Transforming vectordrawable-1.1.0.aar (androidx.vectordrawable:vectordrawable:1.1.0) with AarResourcesCompilerTransform
Transforming loader-1.0.0.aar (androidx.loader:loader:1.0.0) with ExtractAarTransform
Transforming loader-1.0.0.aar (androidx.loader:loader:1.0.0) with AarResourcesCompilerTransform
Transforming viewpager-1.0.0.aar (androidx.viewpager:viewpager:1.0.0) with ExtractAarTransform
Transforming viewpager-1.0.0.aar (androidx.viewpager:viewpager:1.0.0) with AarResourcesCompilerTransform
Transforming customview-1.1.0.aar (androidx.customview:customview:1.1.0) with ExtractAarTransform
Transforming customview-1.1.0.aar (androidx.customview:customview:1.1.0) with AarResourcesCompilerTransform
Transforming customview-1.1.0.aar (androidx.customview:customview:1.1.0) with ExtractAarTransform
Transforming customview-1.1.0.aar (androidx.customview:customview:1.1.0) with AarResourcesCompilerTransform
Transforming core-1.13.0.aar (androidx.core:core:1.13.0) with ExtractAarTransform
Transforming core-1.13.0.aar (androidx.core:core:1.13.0) with AarResourcesCompilerTransform
Transforming core-1.13.0.aar (androidx.core:core:1.13.0) with ExtractAarTransform
Transforming core-1.13.0.aar (androidx.core:core:1.13.0) with AarResourcesCompilerTransform
Transforming savedstate-1.2.1.aar (androidx.savedstate:savedstate:1.2.1) with ExtractAarTransform
Transforming savedstate-1.2.1.aar (androidx.savedstate:savedstate:1.2.1) with AarResourcesCompilerTransform
Transforming lifecycle-runtime-release.aar (androidx.lifecycle:lifecycle-runtime-android:2.8.7) with ExtractAarTransform
Transforming lifecycle-runtime-release.aar (androidx.lifecycle:lifecycle-runtime-android:2.8.7) with AarResourcesCompilerTransform
Transforming lifecycle-process-2.8.7.aar (androidx.lifecycle:lifecycle-process:2.8.7) with ExtractAarTransform
Transforming lifecycle-process-2.8.7.aar (androidx.lifecycle:lifecycle-process:2.8.7) with AarResourcesCompilerTransform
Transforming lifecycle-livedata-core-ktx-2.8.7.aar (androidx.lifecycle:lifecycle-livedata-core-ktx:2.8.7) with ExtractAarTransform
Transforming lifecycle-livedata-core-ktx-2.8.7.aar (androidx.lifecycle:lifecycle-livedata-core-ktx:2.8.7) with AarResourcesCompilerTransform
Transforming lifecycle-livedata-core-2.8.7.aar (androidx.lifecycle:lifecycle-livedata-core:2.8.7) with ExtractAarTransform
Transforming lifecycle-livedata-core-2.8.7.aar (androidx.lifecycle:lifecycle-livedata-core:2.8.7) with AarResourcesCompilerTransform
Transforming lifecycle-viewmodel-savedstate-2.8.7.aar (androidx.lifecycle:lifecycle-viewmodel-savedstate:2.8.7) with ExtractAarTransform
Transforming lifecycle-viewmodel-savedstate-2.8.7.aar (androidx.lifecycle:lifecycle-viewmodel-savedstate:2.8.7) with AarResourcesCompilerTransform
Transforming lifecycle-livedata-2.8.7.aar (androidx.lifecycle:lifecycle-livedata:2.8.7) with ExtractAarTransform
Transforming lifecycle-livedata-2.8.7.aar (androidx.lifecycle:lifecycle-livedata:2.8.7) with AarResourcesCompilerTransform
Transforming lifecycle-livedata-2.8.7.aar (androidx.lifecycle:lifecycle-livedata:2.8.7) with ExtractAarTransform
Transforming lifecycle-livedata-2.8.7.aar (androidx.lifecycle:lifecycle-livedata:2.8.7) with AarResourcesCompilerTransform
Transforming lifecycle-viewmodel-2.8.7.aar (androidx.lifecycle:lifecycle-viewmodel:2.8.7) with ExtractAarTransform
Transforming lifecycle-viewmodel-2.8.7.aar (androidx.lifecycle:lifecycle-viewmodel:2.8.7) with AarResourcesCompilerTransform
Transforming room-runtime-2.6.1.aar (androidx.room:room-runtime:2.6.1) with ExtractAarTransform
Transforming room-runtime-2.6.1.aar (androidx.room:room-runtime:2.6.1) with AarResourcesCompilerTransform
Transforming cursoradapter-1.0.0.aar (androidx.cursoradapter:cursoradapter:1.0.0) with ExtractAarTransform
Transforming cursoradapter-1.0.0.aar (androidx.cursoradapter:cursoradapter:1.0.0) with AarResourcesCompilerTransform
Transforming cardview-1.0.0.aar (androidx.cardview:cardview:1.0.0) with ExtractAarTransform
Transforming cardview-1.0.0.aar (androidx.cardview:cardview:1.0.0) with AarResourcesCompilerTransform
Transforming profileinstaller-1.4.0.aar (androidx.profileinstaller:profileinstaller:1.4.0) with ExtractAarTransform
Transforming profileinstaller-1.4.0.aar (androidx.profileinstaller:profileinstaller:1.4.0) with AarResourcesCompilerTransform
Transforming startup-runtime-1.1.1.aar (androidx.startup:startup-runtime:1.1.1) with ExtractAarTransform
Transforming startup-runtime-1.1.1.aar (androidx.startup:startup-runtime:1.1.1) with AarResourcesCompilerTransform
Transforming tracing-1.0.0.aar (androidx.tracing:tracing:1.0.0) with ExtractAarTransform
Transforming tracing-1.0.0.aar (androidx.tracing:tracing:1.0.0) with AarResourcesCompilerTransform
Transforming core-runtime-2.2.0.aar (androidx.arch.core:core-runtime:2.2.0) with ExtractAarTransform
Transforming core-runtime-2.2.0.aar (androidx.arch.core:core-runtime:2.2.0) with AarResourcesCompilerTransform
Transforming gifdecoder-4.16.0.aar (com.github.bumptech.glide:gifdecoder:4.16.0) with ExtractAarTransform
Transforming gifdecoder-4.16.0.aar (com.github.bumptech.glide:gifdecoder:4.16.0) with AarResourcesCompilerTransform
Transforming exifinterface-1.3.6.aar (androidx.exifinterface:exifinterface:1.3.6) with ExtractAarTransform
Transforming exifinterface-1.3.6.aar (androidx.exifinterface:exifinterface:1.3.6) with AarResourcesCompilerTransform
Transforming sqlite-framework-2.4.0.aar (androidx.sqlite:sqlite-framework:2.4.0) with ExtractAarTransform
Transforming sqlite-framework-2.4.0.aar (androidx.sqlite:sqlite-framework:2.4.0) with AarResourcesCompilerTransform
Transforming sqlite-2.4.0.aar (androidx.sqlite:sqlite:2.4.0) with ExtractAarTransform
Transforming sqlite-2.4.0.aar (androidx.sqlite:sqlite:2.4.0) with AarResourcesCompilerTransform
Transforming interpolator-1.0.0.aar (androidx.interpolator:interpolator:1.0.0) with ExtractAarTransform
Transforming interpolator-1.0.0.aar (androidx.interpolator:interpolator:1.0.0) with AarResourcesCompilerTransform
Transforming interpolator-1.0.0.aar (androidx.interpolator:interpolator:1.0.0) with ExtractAarTransform
Transforming interpolator-1.0.0.aar (androidx.interpolator:interpolator:1.0.0) with AarResourcesCompilerTransform
Transforming versionedparcelable-1.1.1.aar (androidx.versionedparcelable:versionedparcelable:1.1.1) with ExtractAarTransform
Transforming versionedparcelable-1.1.1.aar (androidx.versionedparcelable:versionedparcelable:1.1.1) with AarResourcesCompilerTransform
Transforming annotation-experimental-1.4.1.aar (androidx.annotation:annotation-experimental:1.4.1) with ExtractAarTransform
Transforming annotation-experimental-1.4.1.aar (androidx.annotation:annotation-experimental:1.4.1) with AarResourcesCompilerTransform
Transforming material-1.13.0.aar (com.google.android.material:material:1.13.0) with ExtractAarTransform
Transforming material-1.13.0.aar (com.google.android.material:material:1.13.0) with LibrarySymbolTableTransform
Transforming constraintlayout-2.2.0.aar (androidx.constraintlayout:constraintlayout:2.2.0) with ExtractAarTransform
Transforming constraintlayout-2.2.0.aar (androidx.constraintlayout:constraintlayout:2.2.0) with LibrarySymbolTableTransform
Transforming appcompat-resources-1.7.1.aar (androidx.appcompat:appcompat-resources:1.7.1) with ExtractAarTransform
Transforming appcompat-resources-1.7.1.aar (androidx.appcompat:appcompat-resources:1.7.1) with LibrarySymbolTableTransform
Transforming appcompat-1.7.1.aar (androidx.appcompat:appcompat:1.7.1) with ExtractAarTransform
Transforming appcompat-1.7.1.aar (androidx.appcompat:appcompat:1.7.1) with LibrarySymbolTableTransform
Transforming glide-4.16.0.aar (com.github.bumptech.glide:glide:4.16.0) with ExtractAarTransform
Transforming glide-4.16.0.aar (com.github.bumptech.glide:glide:4.16.0) with LibrarySymbolTableTransform
Transforming viewpager2-1.0.0.aar (androidx.viewpager2:viewpager2:1.0.0) with ExtractAarTransform
Transforming viewpager2-1.0.0.aar (androidx.viewpager2:viewpager2:1.0.0) with LibrarySymbolTableTransform
Transforming fragment-1.5.4.aar (androidx.fragment:fragment:1.5.4) with ExtractAarTransform
Transforming fragment-1.5.4.aar (androidx.fragment:fragment:1.5.4) with LibrarySymbolTableTransform
Transforming fragment-1.5.4.aar (androidx.fragment:fragment:1.5.4) with ExtractAarTransform
Transforming fragment-1.5.4.aar (androidx.fragment:fragment:1.5.4) with LibrarySymbolTableTransform
Transforming activity-1.9.3.aar (androidx.activity:activity:1.9.3) with ExtractAarTransform
Transforming activity-1.9.3.aar (androidx.activity:activity:1.9.3) with LibrarySymbolTableTransform
Transforming lifecycle-viewmodel-release.aar (androidx.lifecycle:lifecycle-viewmodel-android:2.8.7) with ExtractAarTransform
Transforming lifecycle-viewmodel-release.aar (androidx.lifecycle:lifecycle-viewmodel-android:2.8.7) with LibrarySymbolTableTransform
Transforming emoji2-views-helper-1.3.0.aar (androidx.emoji2:emoji2-views-helper:1.3.0) with ExtractAarTransform
Transforming emoji2-views-helper-1.3.0.aar (androidx.emoji2:emoji2-views-helper:1.3.0) with LibrarySymbolTableTransform
Transforming emoji2-1.3.0.aar (androidx.emoji2:emoji2:1.3.0) with ExtractAarTransform
Transforming emoji2-1.3.0.aar (androidx.emoji2:emoji2:1.3.0) with LibrarySymbolTableTransform
Transforming graphics-shapes-release.aar (androidx.graphics:graphics-shapes-android:1.0.1) with ExtractAarTransform
Transforming graphics-shapes-release.aar (androidx.graphics:graphics-shapes-android:1.0.1) with LibrarySymbolTableTransform
Transforming core-ktx-1.13.0.aar (androidx.core:core-ktx:1.13.0) with ExtractAarTransform
Transforming core-ktx-1.13.0.aar (androidx.core:core-ktx:1.13.0) with LibrarySymbolTableTransform
Transforming drawerlayout-1.1.1.aar (androidx.drawerlayout:drawerlayout:1.1.1) with ExtractAarTransform
Transforming drawerlayout-1.1.1.aar (androidx.drawerlayout:drawerlayout:1.1.1) with LibrarySymbolTableTransform
Transforming coordinatorlayout-1.1.0.aar (androidx.coordinatorlayout:coordinatorlayout:1.1.0) with ExtractAarTransform
Transforming coordinatorlayout-1.1.0.aar (androidx.coordinatorlayout:coordinatorlayout:1.1.0) with LibrarySymbolTableTransform
Transforming transition-1.5.0.aar (androidx.transition:transition:1.5.0) with ExtractAarTransform
Transforming transition-1.5.0.aar (androidx.transition:transition:1.5.0) with LibrarySymbolTableTransform
Transforming dynamicanimation-1.1.0.aar (androidx.dynamicanimation:dynamicanimation:1.1.0) with ExtractAarTransform
Transforming dynamicanimation-1.1.0.aar (androidx.dynamicanimation:dynamicanimation:1.1.0) with LibrarySymbolTableTransform
Transforming recyclerview-1.2.1.aar (androidx.recyclerview:recyclerview:1.2.1) with ExtractAarTransform
Transforming recyclerview-1.2.1.aar (androidx.recyclerview:recyclerview:1.2.1) with LibrarySymbolTableTransform
Transforming recyclerview-1.2.1.aar (androidx.recyclerview:recyclerview:1.2.1) with ExtractAarTransform
Transforming recyclerview-1.2.1.aar (androidx.recyclerview:recyclerview:1.2.1) with LibrarySymbolTableTransform
Transforming vectordrawable-animated-1.1.0.aar (androidx.vectordrawable:vectordrawable-animated:1.1.0) with ExtractAarTransform
Transforming vectordrawable-animated-1.1.0.aar (androidx.vectordrawable:vectordrawable-animated:1.1.0) with LibrarySymbolTableTransform
Transforming vectordrawable-1.1.0.aar (androidx.vectordrawable:vectordrawable:1.1.0) with ExtractAarTransform
Transforming vectordrawable-1.1.0.aar (androidx.vectordrawable:vectordrawable:1.1.0) with LibrarySymbolTableTransform
Transforming vectordrawable-1.1.0.aar (androidx.vectordrawable:vectordrawable:1.1.0) with ExtractAarTransform
Transforming vectordrawable-1.1.0.aar (androidx.vectordrawable:vectordrawable:1.1.0) with LibrarySymbolTableTransform
Transforming loader-1.0.0.aar (androidx.loader:loader:1.0.0) with ExtractAarTransform
Transforming loader-1.0.0.aar (androidx.loader:loader:1.0.0) with LibrarySymbolTableTransform
Transforming viewpager-1.0.0.aar (androidx.viewpager:viewpager:1.0.0) with ExtractAarTransform
Transforming viewpager-1.0.0.aar (androidx.viewpager:viewpager:1.0.0) with LibrarySymbolTableTransform
Transforming customview-1.1.0.aar (androidx.customview:customview:1.1.0) with ExtractAarTransform
Transforming customview-1.1.0.aar (androidx.customview:customview:1.1.0) with LibrarySymbolTableTransform
Transforming customview-1.1.0.aar (androidx.customview:customview:1.1.0) with ExtractAarTransform
Transforming customview-1.1.0.aar (androidx.customview:customview:1.1.0) with LibrarySymbolTableTransform
Transforming core-1.13.0.aar (androidx.core:core:1.13.0) with ExtractAarTransform
Transforming core-1.13.0.aar (androidx.core:core:1.13.0) with LibrarySymbolTableTransform
Transforming core-1.13.0.aar (androidx.core:core:1.13.0) with ExtractAarTransform
Transforming core-1.13.0.aar (androidx.core:core:1.13.0) with LibrarySymbolTableTransform
Transforming savedstate-1.2.1.aar (androidx.savedstate:savedstate:1.2.1) with ExtractAarTransform
Transforming savedstate-1.2.1.aar (androidx.savedstate:savedstate:1.2.1) with LibrarySymbolTableTransform
Transforming lifecycle-runtime-release.aar (androidx.lifecycle:lifecycle-runtime-android:2.8.7) with ExtractAarTransform
Transforming lifecycle-runtime-release.aar (androidx.lifecycle:lifecycle-runtime-android:2.8.7) with LibrarySymbolTableTransform
Transforming lifecycle-process-2.8.7.aar (androidx.lifecycle:lifecycle-process:2.8.7) with ExtractAarTransform
Transforming lifecycle-process-2.8.7.aar (androidx.lifecycle:lifecycle-process:2.8.7) with LibrarySymbolTableTransform
Transforming lifecycle-livedata-core-ktx-2.8.7.aar (androidx.lifecycle:lifecycle-livedata-core-ktx:2.8.7) with ExtractAarTransform
Transforming lifecycle-livedata-core-ktx-2.8.7.aar (androidx.lifecycle:lifecycle-livedata-core-ktx:2.8.7) with LibrarySymbolTableTransform
Transforming lifecycle-livedata-core-2.8.7.aar (androidx.lifecycle:lifecycle-livedata-core:2.8.7) with ExtractAarTransform
Transforming lifecycle-livedata-core-2.8.7.aar (androidx.lifecycle:lifecycle-livedata-core:2.8.7) with LibrarySymbolTableTransform
Transforming lifecycle-viewmodel-savedstate-2.8.7.aar (androidx.lifecycle:lifecycle-viewmodel-savedstate:2.8.7) with ExtractAarTransform
Transforming lifecycle-viewmodel-savedstate-2.8.7.aar (androidx.lifecycle:lifecycle-viewmodel-savedstate:2.8.7) with LibrarySymbolTableTransform
Transforming lifecycle-livedata-2.8.7.aar (androidx.lifecycle:lifecycle-livedata:2.8.7) with ExtractAarTransform
Transforming lifecycle-livedata-2.8.7.aar (androidx.lifecycle:lifecycle-livedata:2.8.7) with LibrarySymbolTableTransform
Transforming lifecycle-livedata-2.8.7.aar (androidx.lifecycle:lifecycle-livedata:2.8.7) with ExtractAarTransform
Transforming lifecycle-livedata-2.8.7.aar (androidx.lifecycle:lifecycle-livedata:2.8.7) with LibrarySymbolTableTransform
Transforming lifecycle-viewmodel-2.8.7.aar (androidx.lifecycle:lifecycle-viewmodel:2.8.7) with ExtractAarTransform
Transforming lifecycle-viewmodel-2.8.7.aar (androidx.lifecycle:lifecycle-viewmodel:2.8.7) with LibrarySymbolTableTransform
Transforming room-runtime-2.6.1.aar (androidx.room:room-runtime:2.6.1) with ExtractAarTransform
Transforming room-runtime-2.6.1.aar (androidx.room:room-runtime:2.6.1) with LibrarySymbolTableTransform
Transforming cursoradapter-1.0.0.aar (androidx.cursoradapter:cursoradapter:1.0.0) with ExtractAarTransform
Transforming cursoradapter-1.0.0.aar (androidx.cursoradapter:cursoradapter:1.0.0) with LibrarySymbolTableTransform
Transforming cardview-1.0.0.aar (androidx.cardview:cardview:1.0.0) with ExtractAarTransform
Transforming cardview-1.0.0.aar (androidx.cardview:cardview:1.0.0) with LibrarySymbolTableTransform
Transforming profileinstaller-1.4.0.aar (androidx.profileinstaller:profileinstaller:1.4.0) with ExtractAarTransform
Transforming profileinstaller-1.4.0.aar (androidx.profileinstaller:profileinstaller:1.4.0) with LibrarySymbolTableTransform
Transforming startup-runtime-1.1.1.aar (androidx.startup:startup-runtime:1.1.1) with ExtractAarTransform
Transforming startup-runtime-1.1.1.aar (androidx.startup:startup-runtime:1.1.1) with LibrarySymbolTableTransform
Transforming tracing-1.0.0.aar (androidx.tracing:tracing:1.0.0) with ExtractAarTransform
Transforming tracing-1.0.0.aar (androidx.tracing:tracing:1.0.0) with LibrarySymbolTableTransform
Transforming core-runtime-2.2.0.aar (androidx.arch.core:core-runtime:2.2.0) with ExtractAarTransform
Transforming core-runtime-2.2.0.aar (androidx.arch.core:core-runtime:2.2.0) with LibrarySymbolTableTransform
Transforming gifdecoder-4.16.0.aar (com.github.bumptech.glide:gifdecoder:4.16.0) with ExtractAarTransform
Transforming gifdecoder-4.16.0.aar (com.github.bumptech.glide:gifdecoder:4.16.0) with LibrarySymbolTableTransform
Transforming exifinterface-1.3.6.aar (androidx.exifinterface:exifinterface:1.3.6) with ExtractAarTransform
Transforming exifinterface-1.3.6.aar (androidx.exifinterface:exifinterface:1.3.6) with LibrarySymbolTableTransform
Transforming sqlite-framework-2.4.0.aar (androidx.sqlite:sqlite-framework:2.4.0) with ExtractAarTransform
Transforming sqlite-framework-2.4.0.aar (androidx.sqlite:sqlite-framework:2.4.0) with LibrarySymbolTableTransform
Transforming sqlite-2.4.0.aar (androidx.sqlite:sqlite:2.4.0) with ExtractAarTransform
Transforming sqlite-2.4.0.aar (androidx.sqlite:sqlite:2.4.0) with LibrarySymbolTableTransform
Transforming interpolator-1.0.0.aar (androidx.interpolator:interpolator:1.0.0) with ExtractAarTransform
Transforming interpolator-1.0.0.aar (androidx.interpolator:interpolator:1.0.0) with LibrarySymbolTableTransform
Transforming interpolator-1.0.0.aar (androidx.interpolator:interpolator:1.0.0) with ExtractAarTransform
Transforming interpolator-1.0.0.aar (androidx.interpolator:interpolator:1.0.0) with LibrarySymbolTableTransform
Transforming versionedparcelable-1.1.1.aar (androidx.versionedparcelable:versionedparcelable:1.1.1) with ExtractAarTransform
Transforming versionedparcelable-1.1.1.aar (androidx.versionedparcelable:versionedparcelable:1.1.1) with LibrarySymbolTableTransform
Transforming annotation-experimental-1.4.1.aar (androidx.annotation:annotation-experimental:1.4.1) with ExtractAarTransform
Transforming annotation-experimental-1.4.1.aar (androidx.annotation:annotation-experimental:1.4.1) with LibrarySymbolTableTransform
Caching disabled for task ':app:processDebugResources' because:
  Build cache is disabled
Task ':app:processDebugResources' is not up-to-date because:
  Task has failed previously.
The input changes require a full rebuild for incremental task ':app:processDebugResources'.
AAPT2 aapt2-8.9.0-12782657-windows Daemon #0: starting
Android resource linking failed:
process = AAPT2 aapt2-8.9.0-12782657-windows Daemon #0:
command = C:\Users\tiago\.gradle\caches\8.11.1\transforms\c8493c2d616f7d2fa9c690d177ef230a\transformed\aapt2-8.9.0-12782657-windows\aapt2.exe link -I\
        C:\Users\tiago\AppData\Local\Android\Sdk\platforms\android-35\android.jar\
        --manifest\
        C:\Users\tiago\AndroidStudioProjects\pas\app\build\intermediates\packaged_manifests\debug\processDebugManifestForPackage\AndroidManifest.xml\
        -o\
        C:\Users\tiago\AndroidStudioProjects\pas\app\build\intermediates\linked_resources_binary_format\debug\processDebugResources\linked-resources-binary-format-debug.ap_\
        -R\
        @C:\Users\tiago\AndroidStudioProjects\pas\app\build\intermediates\incremental\processDebugResources\resources-list-for-linked-resources-binary-format-debug.ap_.txt\
        --auto-add-overlay\
        --custom-package\
        com.example.pas\
        -0\
        apk\
        --output-text-symbols\
        C:\Users\tiago\AndroidStudioProjects\pas\app\build\intermediates\runtime_symbol_list\debug\processDebugResources\R.txt\
        --no-version-vectors\
        --proguard-minimal-keep-rules\
        --no-proguard-location-reference\
        --emit-ids\
        C:\Users\tiago\AndroidStudioProjects\pas\app\build\intermediates\stable_resource_ids_file\debug\processDebugResources\stableIds.txt
AAPT2 aapt2-8.9.0-12782657-windows Daemon #0: shutdown

FAILURE: Build failed with an exception.

* What went wrong:
Execution failed for task ':app:processDebugResources'.
> A failure occurred while executing com.android.build.gradle.internal.res.LinkApplicationAndroidResourcesTask$TaskAction
   > Android resource linking failed
     ERROR: C:\Users\tiago\AndroidStudioProjects\pas\app\src\main\res\layout\item_recipe.xml:13: AAPT: error: resource android:attr/selectableItemForeground not found.
         

* Try:
> Run with --stacktrace option to get the stack trace.
> Run with --debug option to get more log output.
> Run with --scan to get full insights.
> Get more help at https://help.gradle.org.

BUILD FAILED in 1s
13 actionable tasks: 1 executed, 12 up-to-date
Watched directory hierarchies: [C:\Users\tiago\AndroidStudioProjects\pas]
